Archive member included because of file (symbol)

c:/winavr-20100110/bin/../lib/gcc/avr/4.3.3/../../../../avr/lib/avr5\libm.a(divsf3.o)
                              BatteryMonitor.o (__divsf3)
c:/winavr-20100110/bin/../lib/gcc/avr/4.3.3/../../../../avr/lib/avr5\libm.a(divsf3x.o)
                              c:/winavr-20100110/bin/../lib/gcc/avr/4.3.3/../../../../avr/lib/avr5\libm.a(divsf3.o) (__divsf3x)
c:/winavr-20100110/bin/../lib/gcc/avr/4.3.3/../../../../avr/lib/avr5\libm.a(fixsfsi.o)
                              BatteryMonitor.o (__fixsfsi)
c:/winavr-20100110/bin/../lib/gcc/avr/4.3.3/../../../../avr/lib/avr5\libm.a(fixunssfsi.o)
                              c:/winavr-20100110/bin/../lib/gcc/avr/4.3.3/../../../../avr/lib/avr5\libm.a(fixsfsi.o) (__fixunssfsi)
c:/winavr-20100110/bin/../lib/gcc/avr/4.3.3/../../../../avr/lib/avr5\libm.a(floatsisf.o)
                              BatteryMonitor.o (__floatsisf)
c:/winavr-20100110/bin/../lib/gcc/avr/4.3.3/../../../../avr/lib/avr5\libm.a(fp_inf.o)
                              c:/winavr-20100110/bin/../lib/gcc/avr/4.3.3/../../../../avr/lib/avr5\libm.a(divsf3x.o) (__fp_inf)
c:/winavr-20100110/bin/../lib/gcc/avr/4.3.3/../../../../avr/lib/avr5\libm.a(fp_nan.o)
                              c:/winavr-20100110/bin/../lib/gcc/avr/4.3.3/../../../../avr/lib/avr5\libm.a(divsf3x.o) (__fp_nan)
c:/winavr-20100110/bin/../lib/gcc/avr/4.3.3/../../../../avr/lib/avr5\libm.a(fp_pscA.o)
                              c:/winavr-20100110/bin/../lib/gcc/avr/4.3.3/../../../../avr/lib/avr5\libm.a(divsf3x.o) (__fp_pscA)
c:/winavr-20100110/bin/../lib/gcc/avr/4.3.3/../../../../avr/lib/avr5\libm.a(fp_pscB.o)
                              c:/winavr-20100110/bin/../lib/gcc/avr/4.3.3/../../../../avr/lib/avr5\libm.a(divsf3x.o) (__fp_pscB)
c:/winavr-20100110/bin/../lib/gcc/avr/4.3.3/../../../../avr/lib/avr5\libm.a(fp_round.o)
                              c:/winavr-20100110/bin/../lib/gcc/avr/4.3.3/../../../../avr/lib/avr5\libm.a(divsf3.o) (__fp_round)
c:/winavr-20100110/bin/../lib/gcc/avr/4.3.3/../../../../avr/lib/avr5\libm.a(fp_split3.o)
                              c:/winavr-20100110/bin/../lib/gcc/avr/4.3.3/../../../../avr/lib/avr5\libm.a(divsf3x.o) (__fp_split3)
c:/winavr-20100110/bin/../lib/gcc/avr/4.3.3/../../../../avr/lib/avr5\libm.a(fp_zero.o)
                              c:/winavr-20100110/bin/../lib/gcc/avr/4.3.3/../../../../avr/lib/avr5\libm.a(fixunssfsi.o) (__fp_zero)
c:/winavr-20100110/bin/../lib/gcc/avr/4.3.3/../../../../avr/lib/avr5\libm.a(mulsf3.o)
                              BatteryMonitor.o (__mulsf3)
c:/winavr-20100110/bin/../lib/gcc/avr/4.3.3/../../../../avr/lib/avr5\libm.a(mulsf3x.o)
                              c:/winavr-20100110/bin/../lib/gcc/avr/4.3.3/../../../../avr/lib/avr5\libm.a(mulsf3.o) (__mulsf3x)
c:/winavr-20100110/bin/../lib/gcc/avr/4.3.3/avr5\libgcc.a(_mulsi3.o)
                              WaterLevelMonitorMain.o (__mulsi3)
c:/winavr-20100110/bin/../lib/gcc/avr/4.3.3/avr5\libgcc.a(_udivmodhi4.o)
                              WaterLevelMonitor.o (__udivmodhi4)
c:/winavr-20100110/bin/../lib/gcc/avr/4.3.3/avr5\libgcc.a(_divmodhi4.o)
                              SystemTime.o (__divmodhi4)
c:/winavr-20100110/bin/../lib/gcc/avr/4.3.3/avr5\libgcc.a(_udivmodsi4.o)
                              WaterLevelMonitorMain.o (__udivmodsi4)
c:/winavr-20100110/bin/../lib/gcc/avr/4.3.3/avr5\libgcc.a(_exit.o)
                              c:/winavr-20100110/bin/../lib/gcc/avr/4.3.3/../../../../avr/lib/avr5/crtm328p.o (exit)
c:/winavr-20100110/bin/../lib/gcc/avr/4.3.3/avr5\libgcc.a(_copy_data.o)
                              WaterLevelMonitor.o (__do_copy_data)
c:/winavr-20100110/bin/../lib/gcc/avr/4.3.3/avr5\libgcc.a(_clear_bss.o)
                              WaterLevelMonitor.o (__do_clear_bss)
c:/winavr-20100110/bin/../lib/gcc/avr/4.3.3/../../../../avr/lib/avr5\libc.a(strlen_P.o)
                              CellularComm_SIM800.o (strlen_P)
c:/winavr-20100110/bin/../lib/gcc/avr/4.3.3/../../../../avr/lib/avr5\libc.a(strncasecmp_P.o)
                              CharStringSpan.o (strncasecmp_P)
c:/winavr-20100110/bin/../lib/gcc/avr/4.3.3/../../../../avr/lib/avr5\libc.a(strncmp_P.o)
                              CharStringSpan.o (strncmp_P)
c:/winavr-20100110/bin/../lib/gcc/avr/4.3.3/../../../../avr/lib/avr5\libc.a(strncpy_P.o)
                              CharString.o (strncpy_P)
c:/winavr-20100110/bin/../lib/gcc/avr/4.3.3/../../../../avr/lib/avr5\libc.a(strstr_P.o)
                              CellularComm_SIM800.o (strstr_P)
c:/winavr-20100110/bin/../lib/gcc/avr/4.3.3/../../../../avr/lib/avr5\libc.a(strncpy.o)
                              CharString.o (strncpy)

Allocating common symbols
Common symbol       size              file

responseMsg         0x1               SIM800.o

Memory Configuration

Name             Origin             Length             Attributes
text             0x00000000         0x00020000         xr
data             0x00800060         0x0000ffa0         rw !x
eeprom           0x00810000         0x00010000         rw !x
fuse             0x00820000         0x00000400         rw !x
lock             0x00830000         0x00000400         rw !x
signature        0x00840000         0x00000400         rw !x
*default*        0x00000000         0xffffffff

Linker script and memory map

Address of section .data set to 0x800100
LOAD c:/winavr-20100110/bin/../lib/gcc/avr/4.3.3/../../../../avr/lib/avr5/crtm328p.o
LOAD WaterLevelMonitorMain.o
LOAD WaterLevelMonitor.o
LOAD CommandProcessor.o
LOAD EEPROMStorage.o
LOAD Console.o
LOAD SystemTime.o
LOAD ADCManager.o
LOAD DataHistory.o
LOAD SampleHistory.o
LOAD BatteryMonitor.o
LOAD InternalTemperatureMonitor.o
LOAD UltrasonicSensorMonitor.o
LOAD CellularComm_SIM800.o
LOAD CellularTCPIP_SIM800.o
LOAD TCPIPConsole.o
LOAD SIM800.o
LOAD SoftwareSerialTx.o
LOAD SoftwareSerialRx0.o
LOAD SoftwareSerialRx2.o
LOAD CharString.o
LOAD CharStringSpan.o
LOAD ByteQueue.o
LOAD StringUtils.o
LOAD UART_async.o
LOAD MessageIDQueue.o
LOAD EEPROM_Util.o
LOAD IOPortBitfield.o
LOAD RamSentinel.o
LOAD c:/winavr-20100110/bin/../lib/gcc/avr/4.3.3/../../../../avr/lib/avr5\libm.a
LOAD c:/winavr-20100110/bin/../lib/gcc/avr/4.3.3/avr5\libgcc.a
LOAD c:/winavr-20100110/bin/../lib/gcc/avr/4.3.3/../../../../avr/lib/avr5\libc.a
LOAD c:/winavr-20100110/bin/../lib/gcc/avr/4.3.3/avr5\libgcc.a

.hash
 *(.hash)

.dynsym
 *(.dynsym)

.dynstr
 *(.dynstr)

.gnu.version
 *(.gnu.version)

.gnu.version_d
 *(.gnu.version_d)

.gnu.version_r
 *(.gnu.version_r)

.rel.init
 *(.rel.init)

.rela.init
 *(.rela.init)

.rel.text
 *(.rel.text)
 *(.rel.text.*)
 *(.rel.gnu.linkonce.t*)

.rela.text
 *(.rela.text)
 *(.rela.text.*)
 *(.rela.gnu.linkonce.t*)

.rel.fini
 *(.rel.fini)

.rela.fini
 *(.rela.fini)

.rel.rodata
 *(.rel.rodata)
 *(.rel.rodata.*)
 *(.rel.gnu.linkonce.r*)

.rela.rodata
 *(.rela.rodata)
 *(.rela.rodata.*)
 *(.rela.gnu.linkonce.r*)

.rel.data
 *(.rel.data)
 *(.rel.data.*)
 *(.rel.gnu.linkonce.d*)

.rela.data
 *(.rela.data)
 *(.rela.data.*)
 *(.rela.gnu.linkonce.d*)

.rel.ctors
 *(.rel.ctors)

.rela.ctors
 *(.rela.ctors)

.rel.dtors
 *(.rel.dtors)

.rela.dtors
 *(.rela.dtors)

.rel.got
 *(.rel.got)

.rela.got
 *(.rela.got)

.rel.bss
 *(.rel.bss)

.rela.bss
 *(.rela.bss)

.rel.plt
 *(.rel.plt)

.rela.plt
 *(.rela.plt)

.text           0x00000000     0x7988
 *(.vectors)
 .vectors       0x00000000       0x68 c:/winavr-20100110/bin/../lib/gcc/avr/4.3.3/../../../../avr/lib/avr5/crtm328p.o
                0x00000000                __vectors
                0x00000000                __vector_default
 *(.vectors)
 *(.progmem.gcc*)
 .progmem.gcc_sw_table
                0x00000068       0x38 CellularComm_SIM800.o
 *(.progmem*)
 .progmem.data  0x000000a0       0x11 WaterLevelMonitorMain.o
 .progmem.data  0x000000b1       0x9f WaterLevelMonitor.o
 .progmem.data  0x00000150      0x23c CommandProcessor.o
 .progmem.data  0x0000038c       0x32 EEPROMStorage.o
                0x0000039a                thingspeakHostAddressP
                0x000003ad                tzHostAddressP
                0x00000391                apnP
                0x0000038c                tzPinP
 .progmem.data  0x000003be        0x5 Console.o
                0x000003be                crP
                0x000003c0                crlfP
 .progmem.data  0x000003c3       0x1e SystemTime.o
 .progmem.data  0x000003e1        0x6 ADCManager.o
                0x000003e1                channelMasks
 .progmem.data  0x000003e7      0x1d7 CellularComm_SIM800.o
                0x000003e8                smsStatusRecUnread
                0x00000414                smsStatusStrings
                0x00000420                smsCommandPrefix
                0x000003f3                smsStatusRecRead
                0x000003fc                smsStatusStoUnsent
                0x000003e7                smsStatusUndefined
                0x00000407                smsStatusStoSent
                0x00000410                smsStatusAll
 .progmem.data  0x000005be      0x14c CellularTCPIP_SIM800.o
 .progmem.data  0x0000070a       0x51 TCPIPConsole.o
 .progmem.data  0x0000075b      0x238 SIM800.o
                0x000007a6                rmOK
                0x000007a9                rmRDY
                0x000007ad                rmSEND_FAIL
                0x000007eb                pmCBC
                0x000007d1                SIM800_ResponseMessageTable
                0x000008b6                ipsTCP_CONNECTING
                0x000008d0                ipsUDP_CLOSING
                0x0000082c                plusMessageTable
                0x00000846                ipsCONNECT_OK
                0x00000764                rmCLOSED
                0x0000081a                pmCPIN
                0x00000871                ipsIP_START
                0x000007c7                rmSMS_Ready
                0x000007f9                pmCGATT
                0x00000794                rmNORMAL_POWER_DOWN
                0x00000851                ipsIP_CONFIG
                0x000008aa                ipsTCP_CLOSING
                0x00000884                ipsPDP_DEACT
                0x0000076b                rmCONNECT_FAIL
                0x000007ff                pmCIPACK
                0x000007bf                rmSHUT_OK
                0x00000810                pmCMGS
                0x00000866                ipsIP_INITIAL
                0x0000085b                ipsIP_GPRSACT
                0x00000815                pmCMTI
                0x00000778                rmCONNECT_OK
                0x00000824                pmCSQ
                0x0000087a                ipsIP_STATUS
                0x000008c5                ipsUDP_CLOSED
                0x000007b7                rmSEND_OK
                0x0000089f                ipsTCP_CLOSED
                0x000007ef                pmCCLK
                0x0000081f                pmCREG
                0x00000783                rmCall_Ready
                0x00000806                pmCMGL
                0x00000828                pmPDP
                0x0000080b                pmCMGR
                0x0000078e                rmERROR
                0x0000088e                ipsSERVER_LISTENING
                0x000007f4                pmCFUN
                0x000008dc                ipsUDP_CONNECTING
                0x000008eb                ipStateTable
                0x0000075b                rmCLOSE_OK
 .progmem.data  0x00000993        0xc SoftwareSerialTx.o
 .progmem.data  0x0000099f        0x6 SoftwareSerialRx0.o
 .progmem.data  0x000009a5        0x6 SoftwareSerialRx2.o
 .progmem.data  0x000009ab        0x3 CharString.o
 .progmem.data  0x000009ae        0x8 UART_async.o
                0x000009b6                . = ALIGN (0x2)
                0x000009b6                __trampolines_start = .
 *(.trampolines)
 .trampolines   0x000009b6        0x0 linker stubs
 *(.trampolines*)
                0x000009b6                __trampolines_end = .
 *(.jumptables)
 *(.jumptables*)
 *(.lowtext)
 *(.lowtext*)
                0x000009b6                __ctors_start = .
 *(.ctors)
                0x000009b6                __ctors_end = .
                0x000009b6                __dtors_start = .
 *(.dtors)
                0x000009b6                __dtors_end = .
 SORT(*)(.ctors)
 SORT(*)(.dtors)
 *(.init0)
 .init0         0x000009b6        0x0 c:/winavr-20100110/bin/../lib/gcc/avr/4.3.3/../../../../avr/lib/avr5/crtm328p.o
                0x000009b6                __init
 *(.init0)
 *(.init1)
 *(.init1)
 *(.init2)
 .init2         0x000009b6        0xc c:/winavr-20100110/bin/../lib/gcc/avr/4.3.3/../../../../avr/lib/avr5/crtm328p.o
 *(.init2)
 *(.init3)
 *(.init3)
 *(.init4)
 .init4         0x000009c2       0x16 c:/winavr-20100110/bin/../lib/gcc/avr/4.3.3/avr5\libgcc.a(_copy_data.o)
                0x000009c2                __do_copy_data
 .init4         0x000009d8       0x10 c:/winavr-20100110/bin/../lib/gcc/avr/4.3.3/avr5\libgcc.a(_clear_bss.o)
                0x000009d8                __do_clear_bss
 *(.init4)
 *(.init5)
 *(.init5)
 *(.init6)
 *(.init6)
 *(.init7)
 *(.init7)
 *(.init8)
 *(.init8)
 *(.init9)
 .init9         0x000009e8        0x8 c:/winavr-20100110/bin/../lib/gcc/avr/4.3.3/../../../../avr/lib/avr5/crtm328p.o
 *(.init9)
 *(.text)
 .text          0x000009f0        0x4 c:/winavr-20100110/bin/../lib/gcc/avr/4.3.3/../../../../avr/lib/avr5/crtm328p.o
                0x000009f0                __vector_22
                0x000009f0                __vector_1
                0x000009f0                __vector_24
                0x000009f0                __vector_12
                0x000009f0                __bad_interrupt
                0x000009f0                __vector_23
                0x000009f0                __vector_25
                0x000009f0                __vector_13
                0x000009f0                __vector_17
                0x000009f0                __vector_4
                0x000009f0                __vector_9
                0x000009f0                __vector_2
                0x000009f0                __vector_21
                0x000009f0                __vector_15
                0x000009f0                __vector_8
                0x000009f0                __vector_10
                0x000009f0                __vector_16
 .text          0x000009f4      0x1c8 WaterLevelMonitorMain.o
                0x000009f4                main
 .text          0x00000bbc      0x8ac WaterLevelMonitor.o
                0x00000c0c                WaterLevelMonitor_resume
                0x00000fa6                transitionPerCommandMode
                0x00000bf8                WaterLevelMonitor_taskIsDone
                0x00000fd4                WaterLevelMonitor_task
                0x00000c14                WaterLevelMonitor_state
                0x00000bd0                WaterLevelMonitor_Initialize
                0x00000f88                initiatePowerdown
 .text          0x00001468      0xc3a CommandProcessor.o
                0x000017ae                CommandProcessor_executeCommand
                0x0000159e                CommandProcessor_createStatusMessage
 .text          0x000020a2      0x4a8 EEPROMStorage.o
                0x00002310                EEPROMStorage_setWatchdogTimerCal
                0x000021ac                EEPROMStorage_getThingspeakHostAddress
                0x00002188                EEPROMStorage_setUnitID
                0x0000231c                EEPROMStorage_lastRebootTimeSec
                0x00002242                EEPROMStorage_thingspeakEnabled
                0x0000214c                EEPROMStorage_setWaterTankFullDistance
                0x000020a2                EEPROMStorage_ipConsoleServerPort
                0x00002158                EEPROMStorage_setWaterTankEmptyDistance
                0x0000227c                EEPROMStorage_waterHighNotificationLevel
                0x000021a0                EEPROMStorage_getThingspeakWriteKey
                0x0000217c                EEPROMStorage_setRebootInterval
                0x0000225a                EEPROMStorage_timeoutState
                0x000022c8                EEPROMStorage_setThingspeak
                0x000020ac                EEPROMStorage_filterVariance
                0x000022f8                EEPROMStorage_setWaterLowNotificationLevel
                0x000021f0                EEPROMStorage_setThingspeakHostAddress
                0x00002128                EEPROMStorage_setThingspeakHostPort
                0x00002286                EEPROMStorage_waterLowNotificationLevel
                0x00002210                EEPROMStorage_setPIN
                0x000021c4                EEPROMStorage_getPIN
                0x00002140                EEPROMStorage_setSampleInterval
                0x0000222e                EEPROMStorage_filterSamples
                0x000022d4                EEPROMStorage_setTimeoutState
                0x000020e8                EEPROMStorage_monitorTaskTimeout
                0x000020b6                EEPROMStorage_thingspeakHostPort
                0x000022e0                EEPROMStorage_setNotification
                0x00002220                EEPROMStorage_ipConsoleEnabled
                0x00002326                EEPROMStorage_setLastRebootTimeSec
                0x000022a4                EEPROMStorage_setIPConsoleEnabled
                0x000022ec                EEPROMStorage_setWaterHighNotificationLevel
                0x00002110                EEPROMStorage_setIPConsoleServerPort
                0x000020fc                EEPROMStorage_rebootInterval
                0x000020f2                EEPROMStorage_tempCalOffset
                0x00002164                EEPROMStorage_setMonitorTaskTimeout
                0x000020ca                EEPROMStorage_sampleInterval
                0x00002334                EEPROMStorage_Initialize
                0x00002194                EEPROMStorage_getIPConsoleServerAddress
                0x000020d4                EEPROMStorage_waterTankFullDistance
                0x0000211c                EEPROMStorage_setFilterVariance
                0x000020c0                EEPROMStorage_LoggingUpdateInterval
                0x00002134                EEPROMStorage_setLoggingUpdateInterval
                0x00002200                EEPROMStorage_setAPN
                0x0000229a                EEPROMStorage_watchdogTimerCal
                0x00002106                EEPROMStorage_unitID
                0x000021e0                EEPROMStorage_setThingspeakWriteKey
                0x00002264                EEPROMStorage_notificationEnabled
                0x00002290                EEPROMStorage_batteryVoltageCal
                0x000022bc                EEPROMStorage_setFilterSampleTime
                0x00002238                EEPROMStorage_filterSampleTime
                0x00002170                EEPROMStorage_setTempCalOffset
                0x000021b8                EEPROMStorage_getAPN
                0x000022b0                EEPROMStorage_setFilterSamples
                0x000020de                EEPROMStorage_waterTankEmptyDistance
                0x000021d0                EEPROMStorage_setIPConsoleServerAddress
                0x00002304                EEPROMStorage_setBatteryVoltageCal
 .text          0x0000254a      0x1f0 Console.o
                0x000025ae                Console_printCS
                0x0000255e                Console_printP
                0x000025ee                Console_task
                0x00002586                Console_Initialize
                0x00002572                Console_print
                0x0000254a                Console_printCSS
 .text          0x0000273a      0x782 SystemTime.o
                0x00002bca                SystemTime_setTimeAdjustment
                0x000028bc                SystemTime_shuttingDown
                0x00002d06                SystemTime_appendToString
                0x00002ab0                SystemTime_sleepFor
                0x00002a36                __vector_6
                0x0000295a                __vector_11
                0x00002940                SystemTime_seconds
                0x00002810                SystemTime_timeHasArrived
                0x00002dfa                SystemTime_task
                0x00002788                SystemTime_futureTime
                0x00002a4a                SystemTime_commenceShutdown
                0x000028ec                SystemTime_hours
                0x0000273a                SystemTime_registerForTickNotification
                0x00002744                SystemTime_getCurrentTime
                0x00002916                SystemTime_minutes
                0x0000276c                SystemTime_uptime
                0x0000285c                SystemTime_applyTimeAdjustment
                0x000028c2                SystemTime_dayOfWeek
                0x00002c88                SystemTime_Initialize
 .text          0x00002ebc      0x15a ADCManager.o
                0x00002ed4                ADCManager_setupChannel
                0x00002fd0                ADCManager_ConversionIsComplete
                0x00002f7c                ADCManager_StartConversion
                0x00002f1e                ADCManager_task
                0x00002ebc                ADCManager_Initialize
 .text          0x00003016      0x19e DataHistory.o
                0x00003016                DataHistory_insertValue
                0x00003062                DataHistory_getLatest
                0x0000309a                DataHistory_getStatistics
 .text          0x000031b4       0xac SampleHistory.o
                0x0000321a                SampleHistory_getAt
                0x000031b4                SampleHistory_insertSample
 .text          0x00003260      0x19a BatteryMonitor.o
                0x00003358                BatteryMonitor_currentVoltage
                0x00003276                BatteryMonitor_task
                0x000033d2                BatteryMonitor_Initialize
                0x00003260                BatteryMonitor_haveValidSample
                0x00003270                BatteryMonitor_currentStatus
 .text          0x000033fa      0x150 InternalTemperatureMonitor.o
                0x000033fa                InternalTemperatureMonitor_haveValidSample
                0x0000340a                InternalTemperatureMonitor_task
                0x00003526                InternalTemperatureMonitor_Initialize
                0x00003486                InternalTemperatureMonitor_currentTemperature
 .text          0x0000354a      0x196 UltrasonicSensorMonitor.o
                0x0000366e                UltrasonicSensorMonitor_currentDistance
                0x0000355a                UltrasonicSensorMonitor_task
                0x0000354a                UltrasonicSensorMonitor_haveValidSample
                0x000036c2                UltrasonicSensorMonitor_Initialize
 .text          0x000036e0      0xa3c CellularComm_SIM800.o
                0x000037b0                CellularComm_state
                0x0000374a                CellularComm_Enable
                0x0000387e                CellularComm_Initialize
                0x000039a8                messageStatusFromString
                0x000037b8                CellularComm_stateIsTCPIPSubtask
                0x00003752                CellularComm_Disable
                0x0000378c                CellularComm_isRegistered
                0x00003786                CellularComm_registrationStatus
                0x00003768                CellularComm_gotRegistrationStatus
                0x00003830                CellularComm_isIdle
                0x00003758                CellularComm_isEnabled
                0x000037c8                CellularComm_batteryMillivolts
                0x000037a4                CellularComm_currentTime
                0x00003b2a                CellularComm_requestRegistrationStatus
                0x000037aa                CellularComm_SignalQuality
                0x000036e0                imageOfMessageStatus
                0x00003b4e                CellularComm_task
                0x000037d2                CellularComm_setOutgoingSMSMessageNumber
 .text          0x0000411c      0x7c2 CellularTCPIP_SIM800.o
                0x0000436e                CellularTCPIP_Subtask
                0x0000415a                CellularTCPIP_sendData
                0x0000430c                responseMessageCallback
                0x00004326                CellularTCPIP_notifyConnectionClosed
                0x00004176                CellularTCPIP_disconnect
                0x0000417e                CellularTCPIP_hasSubtaskWorkToDo
                0x000041b2                CellularTCPIP_availableSpaceForWriteData
                0x00004242                CellularTCPIP_Initialize
                0x00004198                CellularTCPIP_state
                0x000041a0                CellularTCPIP_writeDataCSS
                0x000041a6                CellularTCPIP_writeDataCS
                0x000041ac                CellularTCPIP_writeDataP
                0x00004154                CellularTCPIP_connectionStatus
                0x000041e2                CellularTCPIP_connect
 .text          0x000048de      0x244 TCPIPConsole.o
                0x00004900                TCPIPConsole_readyToSend
                0x00004af0                TCPIPConsole_Initialize
                0x00004922                TCPIPConsole_restoreEnablement
                0x00004952                TCPIPConsole_task
                0x0000492c                TCPIPConsole_disable
                0x000048ee                TCPIPConsole_sendData
                0x000048e4                TCPIPConsole_setDataReceiver
                0x0000493e                TCPIPConsole_enable
                0x000048de                TCPIPConsole_isEnabled
 .text          0x00004b22      0xba4 SIM800.o
                0x00004b6e                SIM800_setIPStateCallback
                0x00004baa                SIM800_setCGATTCallback
                0x00004b78                SIM800_setIPAddressCallback
                0x00004b30                SIM800_status
                0x00004bf0                SIM800_setCCLKCallback
                0x00004cd8                SIM800_sendStringCS
                0x00004b2a                SIM800_powerOff
                0x00004be6                SIM800_setCPINCallback
                0x00004d08                SIM800_availableSpaceForSend
                0x00004c04                SIM800_setPromptCallback
                0x00004cc6                SIM800_sendLineCS
                0x00004bfa                SIM800_setCBCCallback
                0x00004b96                SIM800_setDataAcceptCallback
                0x00004bc8                SIM800_setCSQCallback
                0x00004ce2                SIM800_sendStringCSS
                0x00004dd2                SIM800_task
                0x00004cec                SIM800_sendStringP
                0x00004c0e                SIM800_sendCtrlZ
                0x00004bb4                SIM800_setSMSMessageReceivedCallback
                0x00004bbe                SIM800_setCFUNCallback
                0x00004cf6                SIM800_sendLineP
                0x00004bdc                SIM800_setCMTICallback
                0x00004b64                SIM800_setResponseMessageCallback
                0x00004b22                SIM800_powerOn
                0x00004c64                SIM800_sendHex
                0x00004b8c                SIM800_setCIPACKCallback
                0x00004bd2                SIM800_setCREGCallback
                0x00004ba0                SIM800_setPDPDeactCallback
                0x00004b82                SIM800_setIPDataCallback
                0x00004c18                SIM800_sendHexP
                0x00005612                SIM800_Initialize
 .text          0x000056c6      0x418 SoftwareSerialTx.o
                0x000057b8                SoftwareSerialTx_sendCSS
                0x00005796                SoftwareSerialTx_sendChar
                0x00005774                SoftwareSerialTx_reportHighwater
                0x000056ea                SoftwareSerialTx_disable
                0x0000580c                SoftwareSerialTx_send
                0x000058b8                SoftwareSerialTx_Initialize
                0x000056c6                SoftwareSerialTx_enable
                0x0000570c                SoftwareSerialTx_isIdle
                0x0000584c                SoftwareSerialTx_sendP
                0x00005740                SoftwareSerialTx_availableSpace
                0x00005932                SoftwareSerialTx_sendCS
 .text          0x00005ade      0x1ae SoftwareSerialRx0.o
                0x00005b1e                SoftwareSerial_rx0Queue
                0x00005b62                SoftwareSerialRx0_reportHighwater
                0x00005c4a                SoftwareSerialRx0_Initialize
                0x00005b24                __vector_3
                0x00005afc                SoftwareSerialRx0_disable
                0x00005ade                SoftwareSerialRx0_enable
                0x00005b70                __vector_14
 .text          0x00005c8c      0x1bc SoftwareSerialRx2.o
                0x00005c8c                SoftwareSerialRx2_enable
                0x00005ccc                SoftwareSerial_rx2Queue
                0x00005dfe                SoftwareSerialRx2_Initialize
                0x00005d22                __vector_7
                0x00005cd2                __vector_5
                0x00005d14                SoftwareSerialRx2_reportHighwater
                0x00005caa                SoftwareSerialRx2_disable
 .text          0x00005e48      0x1ea CharString.o
                0x00005eb6                CharString_copyIters
                0x00005e60                CharString_clear
                0x00005e6e                CharString_appendC
                0x00005e48                CharString_begin
                0x00005e9c                CharString_truncate
                0x00005fea                CharString_appendNewline
                0x00005f04                CharString_appendCS
                0x00005f48                CharString_appendP
                0x00005f94                CharString_append
                0x00005e50                CharString_end
 .text          0x00006032      0x214 CharStringSpan.o
                0x0000621a                CharStringSpan_init
                0x000061e0                CharStringSpan_initRight
                0x00006096                CharStringSpan_incrBegin
                0x00006032                CharStringSpan_extractLeft
                0x00006140                CharStringSpan_equalsP
                0x00006072                CharStringSpan_front
                0x00006190                CharStringSpan_equalsNocaseP
                0x000060b0                CharStringSpan_compareP
                0x0000608a                CharStringSpan_set
 .text          0x00006246      0x1ba ByteQueue.o
                0x000062f4                ByteQueue_pop
                0x0000625c                ByteQueue_push
                0x00006358                ByteQueue_reportHighwater
                0x00006246                ByteQueue_clear
 .text          0x00006400      0x81e StringUtils.o
                0x00006440                StringUtils_lookupString
                0x00006732                StringUtils_scanDecimal
                0x00006644                StringUtils_appendDecimal
                0x00006b66                StringUtils_scanQuotedString
                0x00006400                StringUtils_skipWhitespace
                0x00006ac4                StringUtils_scanToken
                0x00006848                StringUtils_scanIntegerU32
                0x00006946                StringUtils_scanInteger
                0x00006a0c                StringUtils_scanDelimitedString
                0x000064e4                StringUtils_appendDecimal32
 .text          0x00006c1e      0x39a UART_async.o
                0x00006c42                UART_tx_queue_is_empty
                0x00006cde                UART_read_byte
                0x00006e6e                UART_reportHighwater
                0x00006d60                UART_write_bytes
                0x00006e54                UART_write_byte
                0x00006c70                __vector_19
                0x00006eea                UART_write_string
                0x00006c1e                UART_set_baud_rate
                0x00006dc8                UART_write_stringCS
                0x00006f86                UART_init
                0x00006f4a                UART_read_string
                0x00006e88                UART_write_stringP
                0x00006d10                __vector_18
                0x00006c5c                __vector_20
 .text          0x00006fb8       0x98 MessageIDQueue.o
                0x00006fc2                MessageIDQueue_isEmpty
                0x00006fb8                MessageIDQueue_init
                0x00006fe6                MessageIDQueue_insert
                0x00006fd2                MessageIDQueue_isFull
                0x00007020                MessageIDQueue_remove
 .text          0x00007050      0x170 EEPROM_Util.o
                0x00007062                EEPROM_read
                0x00007072                EEPROM_readWord
                0x0000709e                EEPROM_readLong
                0x00007112                EEPROM_writeLong
                0x0000719c                EEPROM_writeWord
                0x00007148                EEPROM_writeString
                0x000070e2                EEPROM_readString
                0x00007050                EEPROM_write
 .text          0x000071c0      0x27e IOPortBitfield.o
                0x00007270                IOPortBitfield_prepareValueForWrite
                0x000073f0                IOPortBitfield_write
                0x000072ce                IOPortBitfield_set
                0x000072fe                IOPortBitfield_clear
                0x000071c0                IOPortBitfield_init
                0x00007386                IOPortBitfield_readAsBool
                0x00007290                IOPortBitfield_writePreparedValue
                0x00007334                IOPortBitfield_read
 .text          0x0000743e       0x94 RamSentinel.o
                0x0000743e                RAMSentinel_Initialize
                0x0000745c                RAMSentinel_printStackPtr
                0x00007446                RAMSentinel_sentinelIntact
 .text          0x000074d2        0x0 c:/winavr-20100110/bin/../lib/gcc/avr/4.3.3/../../../../avr/lib/avr5\libm.a(divsf3.o)
 .text          0x000074d2        0x0 c:/winavr-20100110/bin/../lib/gcc/avr/4.3.3/../../../../avr/lib/avr5\libm.a(divsf3x.o)
 .text          0x000074d2        0x0 c:/winavr-20100110/bin/../lib/gcc/avr/4.3.3/../../../../avr/lib/avr5\libm.a(fixsfsi.o)
 .text          0x000074d2        0x0 c:/winavr-20100110/bin/../lib/gcc/avr/4.3.3/../../../../avr/lib/avr5\libm.a(fixunssfsi.o)
 .text          0x000074d2        0x0 c:/winavr-20100110/bin/../lib/gcc/avr/4.3.3/../../../../avr/lib/avr5\libm.a(floatsisf.o)
 .text          0x000074d2        0x0 c:/winavr-20100110/bin/../lib/gcc/avr/4.3.3/../../../../avr/lib/avr5\libm.a(fp_inf.o)
 .text          0x000074d2        0x0 c:/winavr-20100110/bin/../lib/gcc/avr/4.3.3/../../../../avr/lib/avr5\libm.a(fp_nan.o)
 .text          0x000074d2        0x0 c:/winavr-20100110/bin/../lib/gcc/avr/4.3.3/../../../../avr/lib/avr5\libm.a(fp_pscA.o)
 .text          0x000074d2        0x0 c:/winavr-20100110/bin/../lib/gcc/avr/4.3.3/../../../../avr/lib/avr5\libm.a(fp_pscB.o)
 .text          0x000074d2        0x0 c:/winavr-20100110/bin/../lib/gcc/avr/4.3.3/../../../../avr/lib/avr5\libm.a(fp_round.o)
 .text          0x000074d2        0x0 c:/winavr-20100110/bin/../lib/gcc/avr/4.3.3/../../../../avr/lib/avr5\libm.a(fp_split3.o)
 .text          0x000074d2        0x0 c:/winavr-20100110/bin/../lib/gcc/avr/4.3.3/../../../../avr/lib/avr5\libm.a(fp_zero.o)
 .text          0x000074d2        0x0 c:/winavr-20100110/bin/../lib/gcc/avr/4.3.3/../../../../avr/lib/avr5\libm.a(mulsf3.o)
 .text          0x000074d2        0x0 c:/winavr-20100110/bin/../lib/gcc/avr/4.3.3/../../../../avr/lib/avr5\libm.a(mulsf3x.o)
 .text          0x000074d2        0x0 c:/winavr-20100110/bin/../lib/gcc/avr/4.3.3/avr5\libgcc.a(_mulsi3.o)
 .text          0x000074d2        0x0 c:/winavr-20100110/bin/../lib/gcc/avr/4.3.3/avr5\libgcc.a(_udivmodhi4.o)
 .text          0x000074d2        0x0 c:/winavr-20100110/bin/../lib/gcc/avr/4.3.3/avr5\libgcc.a(_divmodhi4.o)
 .text          0x000074d2        0x0 c:/winavr-20100110/bin/../lib/gcc/avr/4.3.3/avr5\libgcc.a(_udivmodsi4.o)
 .text          0x000074d2        0x0 c:/winavr-20100110/bin/../lib/gcc/avr/4.3.3/avr5\libgcc.a(_exit.o)
 .text          0x000074d2        0x0 c:/winavr-20100110/bin/../lib/gcc/avr/4.3.3/avr5\libgcc.a(_copy_data.o)
 .text          0x000074d2        0x0 c:/winavr-20100110/bin/../lib/gcc/avr/4.3.3/avr5\libgcc.a(_clear_bss.o)
 .text          0x000074d2        0x0 c:/winavr-20100110/bin/../lib/gcc/avr/4.3.3/../../../../avr/lib/avr5\libc.a(strlen_P.o)
 .text          0x000074d2        0x0 c:/winavr-20100110/bin/../lib/gcc/avr/4.3.3/../../../../avr/lib/avr5\libc.a(strncasecmp_P.o)
 .text          0x000074d2        0x0 c:/winavr-20100110/bin/../lib/gcc/avr/4.3.3/../../../../avr/lib/avr5\libc.a(strncmp_P.o)
 .text          0x000074d2        0x0 c:/winavr-20100110/bin/../lib/gcc/avr/4.3.3/../../../../avr/lib/avr5\libc.a(strncpy_P.o)
 .text          0x000074d2        0x0 c:/winavr-20100110/bin/../lib/gcc/avr/4.3.3/../../../../avr/lib/avr5\libc.a(strstr_P.o)
 .text          0x000074d2        0x0 c:/winavr-20100110/bin/../lib/gcc/avr/4.3.3/../../../../avr/lib/avr5\libc.a(strncpy.o)
                0x000074d2                . = ALIGN (0x2)
 *(.text.*)
 .text.avr-libc.fplib
                0x000074d2        0x4 c:/winavr-20100110/bin/../lib/gcc/avr/4.3.3/../../../../avr/lib/avr5\libm.a(divsf3.o)
                0x000074d2                __divsf3
 .text.avr-libc.fplib
                0x000074d6       0xcc c:/winavr-20100110/bin/../lib/gcc/avr/4.3.3/../../../../avr/lib/avr5\libm.a(divsf3x.o)
                0x000074ec                __divsf3x
                0x000074f0                __divsf3_pse
 .text.avr-libc.fplib
                0x000075a2        0xa c:/winavr-20100110/bin/../lib/gcc/avr/4.3.3/../../../../avr/lib/avr5\libm.a(fixsfsi.o)
                0x000075a2                __fixsfsi
 .text.avr-libc.fplib
                0x000075ac       0x58 c:/winavr-20100110/bin/../lib/gcc/avr/4.3.3/../../../../avr/lib/avr5\libm.a(fixunssfsi.o)
                0x000075ac                __fixunssfsi
 .text.avr-libc.fplib
                0x00007604       0x7a c:/winavr-20100110/bin/../lib/gcc/avr/4.3.3/../../../../avr/lib/avr5\libm.a(floatsisf.o)
                0x00007608                __floatsisf
                0x00007604                __floatunsisf
 .text.avr-libc.fplib
                0x0000767e        0xc c:/winavr-20100110/bin/../lib/gcc/avr/4.3.3/../../../../avr/lib/avr5\libm.a(fp_inf.o)
                0x0000767e                __fp_inf
 .text.avr-libc.fplib
                0x0000768a        0x6 c:/winavr-20100110/bin/../lib/gcc/avr/4.3.3/../../../../avr/lib/avr5\libm.a(fp_nan.o)
                0x0000768a                __fp_nan
 .text.avr-libc.fplib
                0x00007690        0xe c:/winavr-20100110/bin/../lib/gcc/avr/4.3.3/../../../../avr/lib/avr5\libm.a(fp_pscA.o)
                0x00007690                __fp_pscA
 .text.avr-libc.fplib
                0x0000769e        0xe c:/winavr-20100110/bin/../lib/gcc/avr/4.3.3/../../../../avr/lib/avr5\libm.a(fp_pscB.o)
                0x0000769e                __fp_pscB
 .text.avr-libc.fplib
                0x000076ac       0x22 c:/winavr-20100110/bin/../lib/gcc/avr/4.3.3/../../../../avr/lib/avr5\libm.a(fp_round.o)
                0x000076ac                __fp_round
 .text.avr-libc.fplib
                0x000076ce       0x44 c:/winavr-20100110/bin/../lib/gcc/avr/4.3.3/../../../../avr/lib/avr5\libm.a(fp_split3.o)
                0x000076ce                __fp_split3
                0x000076de                __fp_splitA
 .text.avr-libc.fplib
                0x00007712        0xe c:/winavr-20100110/bin/../lib/gcc/avr/4.3.3/../../../../avr/lib/avr5\libm.a(fp_zero.o)
                0x00007712                __fp_zero
                0x00007714                __fp_szero
 .text.avr-libc.fplib
                0x00007720        0x4 c:/winavr-20100110/bin/../lib/gcc/avr/4.3.3/../../../../avr/lib/avr5\libm.a(mulsf3.o)
                0x00007720                __mulsf3
 .text.avr-libc.fplib
                0x00007724       0xc2 c:/winavr-20100110/bin/../lib/gcc/avr/4.3.3/../../../../avr/lib/avr5\libm.a(mulsf3x.o)
                0x0000773c                __mulsf3_pse
                0x00007738                __mulsf3x
 .text.libgcc   0x000077e6       0x3e c:/winavr-20100110/bin/../lib/gcc/avr/4.3.3/avr5\libgcc.a(_mulsi3.o)
                0x000077e6                __mulsi3
 .text.libgcc   0x00007824       0x28 c:/winavr-20100110/bin/../lib/gcc/avr/4.3.3/avr5\libgcc.a(_udivmodhi4.o)
                0x00007824                __udivmodhi4
 .text.libgcc   0x0000784c       0x26 c:/winavr-20100110/bin/../lib/gcc/avr/4.3.3/avr5\libgcc.a(_divmodhi4.o)
                0x0000784c                __divmodhi4
                0x0000784c                _div
 .text.libgcc   0x00007872       0x44 c:/winavr-20100110/bin/../lib/gcc/avr/4.3.3/avr5\libgcc.a(_udivmodsi4.o)
                0x00007872                __udivmodsi4
 .text.libgcc   0x000078b6        0x0 c:/winavr-20100110/bin/../lib/gcc/avr/4.3.3/avr5\libgcc.a(_exit.o)
 .text.libgcc   0x000078b6        0x0 c:/winavr-20100110/bin/../lib/gcc/avr/4.3.3/avr5\libgcc.a(_copy_data.o)
 .text.libgcc   0x000078b6        0x0 c:/winavr-20100110/bin/../lib/gcc/avr/4.3.3/avr5\libgcc.a(_clear_bss.o)
 .text.avr-libc
                0x000078b6       0x12 c:/winavr-20100110/bin/../lib/gcc/avr/4.3.3/../../../../avr/lib/avr5\libc.a(strlen_P.o)
                0x000078b6                strlen_P
 .text.avr-libc
                0x000078c8       0x30 c:/winavr-20100110/bin/../lib/gcc/avr/4.3.3/../../../../avr/lib/avr5\libc.a(strncasecmp_P.o)
                0x000078c8                strncasecmp_P
 .text.avr-libc
                0x000078f8       0x1c c:/winavr-20100110/bin/../lib/gcc/avr/4.3.3/../../../../avr/lib/avr5\libc.a(strncmp_P.o)
                0x000078f8                strncmp_P
 .text.avr-libc
                0x00007914       0x1e c:/winavr-20100110/bin/../lib/gcc/avr/4.3.3/../../../../avr/lib/avr5\libc.a(strncpy_P.o)
                0x00007914                strncpy_P
 .text.avr-libc
                0x00007932       0x34 c:/winavr-20100110/bin/../lib/gcc/avr/4.3.3/../../../../avr/lib/avr5\libc.a(strstr_P.o)
                0x00007932                strstr_P
 .text.avr-libc
                0x00007966       0x1e c:/winavr-20100110/bin/../lib/gcc/avr/4.3.3/../../../../avr/lib/avr5\libc.a(strncpy.o)
                0x00007966                strncpy
                0x00007984                . = ALIGN (0x2)
 *(.fini9)
 .fini9         0x00007984        0x0 c:/winavr-20100110/bin/../lib/gcc/avr/4.3.3/avr5\libgcc.a(_exit.o)
                0x00007984                exit
                0x00007984                _exit
 *(.fini9)
 *(.fini8)
 *(.fini8)
 *(.fini7)
 *(.fini7)
 *(.fini6)
 *(.fini6)
 *(.fini5)
 *(.fini5)
 *(.fini4)
 *(.fini4)
 *(.fini3)
 *(.fini3)
 *(.fini2)
 *(.fini2)
 *(.fini1)
 *(.fini1)
 *(.fini0)
 .fini0         0x00007984        0x4 c:/winavr-20100110/bin/../lib/gcc/avr/4.3.3/avr5\libgcc.a(_exit.o)
 *(.fini0)
                0x00007988                _etext = .

.data           0x00800100       0x90 load address 0x00007988
                0x00800100                PROVIDE (__data_start, .)
 *(.data)
 .data          0x00800100        0x0 c:/winavr-20100110/bin/../lib/gcc/avr/4.3.3/../../../../avr/lib/avr5/crtm328p.o
 .data          0x00800100        0x0 WaterLevelMonitorMain.o
 .data          0x00800100        0x5 WaterLevelMonitor.o
                0x00800100                sampleHistory
 .data          0x00800105        0x8 CommandProcessor.o
                0x00800109                CommandProcessor_commandReply
                0x00800105                CommandProcessor_incomingCommand
 .data          0x0080010d        0x0 EEPROMStorage.o
 .data          0x0080010d        0x4 Console.o
 .data          0x00800111        0x0 SystemTime.o
 .data          0x00800111        0x0 ADCManager.o
 .data          0x00800111        0x0 DataHistory.o
 .data          0x00800111        0x0 SampleHistory.o
 .data          0x00800111        0x5 BatteryMonitor.o
                0x00800111                batteryVoltageHistory
 .data          0x00800116        0x5 InternalTemperatureMonitor.o
                0x00800116                temperatureHistory
 .data          0x0080011b        0x9 UltrasonicSensorMonitor.o
                0x0080011f                distanceHistory
                0x0080011b                sensorDataStr
 .data          0x00800124       0x14 CellularComm_SIM800.o
                0x00800124                incomingSMSMessagePhoneNumber
                0x00800128                incomingSMSMessageText
                0x00800130                outgoingSMSMessageText
                0x0080012c                outgoingSMSMessagePhoneNumber
                0x00800134                cpinStatus
 .data          0x00800138        0x4 CellularTCPIP_SIM800.o
                0x00800138                ctHostAddress
 .data          0x0080013c        0x0 TCPIPConsole.o
 .data          0x0080013c        0xc SIM800.o
                0x0080013c                SIM800Response
                0x00800140                smsMsgStatus
                0x00800144                smsPhoneNumber
 .data          0x00800148       0x18 SoftwareSerialTx.o
 .data          0x00800160        0xc SoftwareSerialRx0.o
 .data          0x0080016c        0xc SoftwareSerialRx2.o
 .data          0x00800178        0x0 CharString.o
 .data          0x00800178        0x0 CharStringSpan.o
 .data          0x00800178        0x0 ByteQueue.o
 .data          0x00800178        0x0 StringUtils.o
 .data          0x00800178       0x18 UART_async.o
 .data          0x00800190        0x0 MessageIDQueue.o
 .data          0x00800190        0x0 EEPROM_Util.o
 .data          0x00800190        0x0 IOPortBitfield.o
 .data          0x00800190        0x0 RamSentinel.o
 .data          0x00800190        0x0 c:/winavr-20100110/bin/../lib/gcc/avr/4.3.3/../../../../avr/lib/avr5\libm.a(divsf3.o)
 .data          0x00800190        0x0 c:/winavr-20100110/bin/../lib/gcc/avr/4.3.3/../../../../avr/lib/avr5\libm.a(divsf3x.o)
 .data          0x00800190        0x0 c:/winavr-20100110/bin/../lib/gcc/avr/4.3.3/../../../../avr/lib/avr5\libm.a(fixsfsi.o)
 .data          0x00800190        0x0 c:/winavr-20100110/bin/../lib/gcc/avr/4.3.3/../../../../avr/lib/avr5\libm.a(fixunssfsi.o)
 .data          0x00800190        0x0 c:/winavr-20100110/bin/../lib/gcc/avr/4.3.3/../../../../avr/lib/avr5\libm.a(floatsisf.o)
 .data          0x00800190        0x0 c:/winavr-20100110/bin/../lib/gcc/avr/4.3.3/../../../../avr/lib/avr5\libm.a(fp_inf.o)
 .data          0x00800190        0x0 c:/winavr-20100110/bin/../lib/gcc/avr/4.3.3/../../../../avr/lib/avr5\libm.a(fp_nan.o)
 .data          0x00800190        0x0 c:/winavr-20100110/bin/../lib/gcc/avr/4.3.3/../../../../avr/lib/avr5\libm.a(fp_pscA.o)
 .data          0x00800190        0x0 c:/winavr-20100110/bin/../lib/gcc/avr/4.3.3/../../../../avr/lib/avr5\libm.a(fp_pscB.o)
 .data          0x00800190        0x0 c:/winavr-20100110/bin/../lib/gcc/avr/4.3.3/../../../../avr/lib/avr5\libm.a(fp_round.o)
 .data          0x00800190        0x0 c:/winavr-20100110/bin/../lib/gcc/avr/4.3.3/../../../../avr/lib/avr5\libm.a(fp_split3.o)
 .data          0x00800190        0x0 c:/winavr-20100110/bin/../lib/gcc/avr/4.3.3/../../../../avr/lib/avr5\libm.a(fp_zero.o)
 .data          0x00800190        0x0 c:/winavr-20100110/bin/../lib/gcc/avr/4.3.3/../../../../avr/lib/avr5\libm.a(mulsf3.o)
 .data          0x00800190        0x0 c:/winavr-20100110/bin/../lib/gcc/avr/4.3.3/../../../../avr/lib/avr5\libm.a(mulsf3x.o)
 .data          0x00800190        0x0 c:/winavr-20100110/bin/../lib/gcc/avr/4.3.3/avr5\libgcc.a(_mulsi3.o)
 .data          0x00800190        0x0 c:/winavr-20100110/bin/../lib/gcc/avr/4.3.3/avr5\libgcc.a(_udivmodhi4.o)
 .data          0x00800190        0x0 c:/winavr-20100110/bin/../lib/gcc/avr/4.3.3/avr5\libgcc.a(_divmodhi4.o)
 .data          0x00800190        0x0 c:/winavr-20100110/bin/../lib/gcc/avr/4.3.3/avr5\libgcc.a(_udivmodsi4.o)
 .data          0x00800190        0x0 c:/winavr-20100110/bin/../lib/gcc/avr/4.3.3/avr5\libgcc.a(_exit.o)
 .data          0x00800190        0x0 c:/winavr-20100110/bin/../lib/gcc/avr/4.3.3/avr5\libgcc.a(_copy_data.o)
 .data          0x00800190        0x0 c:/winavr-20100110/bin/../lib/gcc/avr/4.3.3/avr5\libgcc.a(_clear_bss.o)
 .data          0x00800190        0x0 c:/winavr-20100110/bin/../lib/gcc/avr/4.3.3/../../../../avr/lib/avr5\libc.a(strlen_P.o)
 .data          0x00800190        0x0 c:/winavr-20100110/bin/../lib/gcc/avr/4.3.3/../../../../avr/lib/avr5\libc.a(strncasecmp_P.o)
 .data          0x00800190        0x0 c:/winavr-20100110/bin/../lib/gcc/avr/4.3.3/../../../../avr/lib/avr5\libc.a(strncmp_P.o)
 .data          0x00800190        0x0 c:/winavr-20100110/bin/../lib/gcc/avr/4.3.3/../../../../avr/lib/avr5\libc.a(strncpy_P.o)
 .data          0x00800190        0x0 c:/winavr-20100110/bin/../lib/gcc/avr/4.3.3/../../../../avr/lib/avr5\libc.a(strstr_P.o)
 .data          0x00800190        0x0 c:/winavr-20100110/bin/../lib/gcc/avr/4.3.3/../../../../avr/lib/avr5\libc.a(strncpy.o)
 *(.data*)
 *(.rodata)
 *(.rodata*)
 *(.gnu.linkonce.d*)
                0x00800190                . = ALIGN (0x2)
                0x00800190                _edata = .
                0x00800190                PROVIDE (__data_end, .)

.bss            0x00800190      0x55e
                0x00800190                PROVIDE (__bss_start, .)
 *(.bss)
 .bss           0x00800190        0x0 c:/winavr-20100110/bin/../lib/gcc/avr/4.3.3/../../../../avr/lib/avr5/crtm328p.o
 .bss           0x00800190        0x0 WaterLevelMonitorMain.o
 .bss           0x00800190       0xac WaterLevelMonitor.o
 .bss           0x0080023c       0xa2 CommandProcessor.o
                0x0080023c                CommandProcessor_incomingCommand_buf
                0x00800279                CommandProcessor_commandReply_buf
 .bss           0x008002de        0x0 EEPROMStorage.o
 .bss           0x008002de        0x5 Console.o
 .bss           0x008002e3       0x12 SystemTime.o
 .bss           0x008002f5       0x15 ADCManager.o
 .bss           0x0080030a        0x0 DataHistory.o
 .bss           0x0080030a        0x0 SampleHistory.o
 .bss           0x0080030a       0x1b BatteryMonitor.o
                0x0080030a                batteryVoltageHistory_buf
 .bss           0x00800325       0x1a InternalTemperatureMonitor.o
                0x00800325                temperatureHistory_buf
 .bss           0x0080033f       0x1c UltrasonicSensorMonitor.o
                0x00800350                distanceHistory_buf
                0x0080033f                sensorDataStr_buf
 .bss           0x0080035b      0x113 CellularComm_SIM800.o
                0x008003ce                outgoingSMSMessageText_buf
                0x0080041f                cpinStatus_buf
                0x0080036c                incomingSMSMessageText_buf
                0x008003bd                outgoingSMSMessagePhoneNumber_buf
                0x0080035b                incomingSMSMessagePhoneNumber_buf
 .bss           0x0080046e       0x3c CellularTCPIP_SIM800.o
                0x0080046e                ctHostAddress_buf
 .bss           0x008004aa        0xd TCPIPConsole.o
 .bss           0x008004b7      0x119 SIM800.o
                0x008004b7                SIM800Response_buf
                0x0080058b                smsPhoneNumber_buf
                0x00800580                smsMsgStatus_buf
 .bss           0x008005d0       0xdc SoftwareSerialTx.o
 .bss           0x008006ac       0x14 SoftwareSerialRx0.o
 .bss           0x008006c0       0x14 SoftwareSerialRx2.o
 .bss           0x008006d4        0x0 CharString.o
 .bss           0x008006d4        0x0 CharStringSpan.o
 .bss           0x008006d4        0x0 ByteQueue.o
 .bss           0x008006d4        0x0 StringUtils.o
 .bss           0x008006d4       0x18 UART_async.o
 .bss           0x008006ec        0x0 MessageIDQueue.o
 .bss           0x008006ec        0x0 EEPROM_Util.o
 .bss           0x008006ec        0x0 IOPortBitfield.o
 .bss           0x008006ec        0x1 RamSentinel.o
 .bss           0x008006ed        0x0 c:/winavr-20100110/bin/../lib/gcc/avr/4.3.3/../../../../avr/lib/avr5\libm.a(divsf3.o)
 .bss           0x008006ed        0x0 c:/winavr-20100110/bin/../lib/gcc/avr/4.3.3/../../../../avr/lib/avr5\libm.a(divsf3x.o)
 .bss           0x008006ed        0x0 c:/winavr-20100110/bin/../lib/gcc/avr/4.3.3/../../../../avr/lib/avr5\libm.a(fixsfsi.o)
 .bss           0x008006ed        0x0 c:/winavr-20100110/bin/../lib/gcc/avr/4.3.3/../../../../avr/lib/avr5\libm.a(fixunssfsi.o)
 .bss           0x008006ed        0x0 c:/winavr-20100110/bin/../lib/gcc/avr/4.3.3/../../../../avr/lib/avr5\libm.a(floatsisf.o)
 .bss           0x008006ed        0x0 c:/winavr-20100110/bin/../lib/gcc/avr/4.3.3/../../../../avr/lib/avr5\libm.a(fp_inf.o)
 .bss           0x008006ed        0x0 c:/winavr-20100110/bin/../lib/gcc/avr/4.3.3/../../../../avr/lib/avr5\libm.a(fp_nan.o)
 .bss           0x008006ed        0x0 c:/winavr-20100110/bin/../lib/gcc/avr/4.3.3/../../../../avr/lib/avr5\libm.a(fp_pscA.o)
 .bss           0x008006ed        0x0 c:/winavr-20100110/bin/../lib/gcc/avr/4.3.3/../../../../avr/lib/avr5\libm.a(fp_pscB.o)
 .bss           0x008006ed        0x0 c:/winavr-20100110/bin/../lib/gcc/avr/4.3.3/../../../../avr/lib/avr5\libm.a(fp_round.o)
 .bss           0x008006ed        0x0 c:/winavr-20100110/bin/../lib/gcc/avr/4.3.3/../../../../avr/lib/avr5\libm.a(fp_split3.o)
 .bss           0x008006ed        0x0 c:/winavr-20100110/bin/../lib/gcc/avr/4.3.3/../../../../avr/lib/avr5\libm.a(fp_zero.o)
 .bss           0x008006ed        0x0 c:/winavr-20100110/bin/../lib/gcc/avr/4.3.3/../../../../avr/lib/avr5\libm.a(mulsf3.o)
 .bss           0x008006ed        0x0 c:/winavr-20100110/bin/../lib/gcc/avr/4.3.3/../../../../avr/lib/avr5\libm.a(mulsf3x.o)
 .bss           0x008006ed        0x0 c:/winavr-20100110/bin/../lib/gcc/avr/4.3.3/avr5\libgcc.a(_mulsi3.o)
 .bss           0x008006ed        0x0 c:/winavr-20100110/bin/../lib/gcc/avr/4.3.3/avr5\libgcc.a(_udivmodhi4.o)
 .bss           0x008006ed        0x0 c:/winavr-20100110/bin/../lib/gcc/avr/4.3.3/avr5\libgcc.a(_divmodhi4.o)
 .bss           0x008006ed        0x0 c:/winavr-20100110/bin/../lib/gcc/avr/4.3.3/avr5\libgcc.a(_udivmodsi4.o)
 .bss           0x008006ed        0x0 c:/winavr-20100110/bin/../lib/gcc/avr/4.3.3/avr5\libgcc.a(_exit.o)
 .bss           0x008006ed        0x0 c:/winavr-20100110/bin/../lib/gcc/avr/4.3.3/avr5\libgcc.a(_copy_data.o)
 .bss           0x008006ed        0x0 c:/winavr-20100110/bin/../lib/gcc/avr/4.3.3/avr5\libgcc.a(_clear_bss.o)
 .bss           0x008006ed        0x0 c:/winavr-20100110/bin/../lib/gcc/avr/4.3.3/../../../../avr/lib/avr5\libc.a(strlen_P.o)
 .bss           0x008006ed        0x0 c:/winavr-20100110/bin/../lib/gcc/avr/4.3.3/../../../../avr/lib/avr5\libc.a(strncasecmp_P.o)
 .bss           0x008006ed        0x0 c:/winavr-20100110/bin/../lib/gcc/avr/4.3.3/../../../../avr/lib/avr5\libc.a(strncmp_P.o)
 .bss           0x008006ed        0x0 c:/winavr-20100110/bin/../lib/gcc/avr/4.3.3/../../../../avr/lib/avr5\libc.a(strncpy_P.o)
 .bss           0x008006ed        0x0 c:/winavr-20100110/bin/../lib/gcc/avr/4.3.3/../../../../avr/lib/avr5\libc.a(strstr_P.o)
 .bss           0x008006ed        0x0 c:/winavr-20100110/bin/../lib/gcc/avr/4.3.3/../../../../avr/lib/avr5\libc.a(strncpy.o)
 *(.bss*)
 *(COMMON)
 COMMON         0x008006ed        0x1 SIM800.o
                0x008006ed                responseMsg
                0x008006ee                PROVIDE (__bss_end, .)
                0x00007988                __data_load_start = LOADADDR (.data)
                0x00007a18                __data_load_end = (__data_load_start + SIZEOF (.data))

.noinit         0x008006ee        0x0
                0x008006ee                PROVIDE (__noinit_start, .)
 *(.noinit*)
                0x008006ee                PROVIDE (__noinit_end, .)
                0x008006ee                _end = .
                0x008006ee                PROVIDE (__heap_start, .)

.eeprom         0x00810000       0xb1
 *(.eeprom*)
 .eeprom        0x00810000       0xb1 EEPROMStorage.o
                0x0081004f                thingspeakEnabled
                0x00810009                cellPIN
                0x00810027                apn
                0x00810018                sampleInterval
                0x00810021                emptyDist
                0x0081001a                loggingUpdateInterval
                0x00810003                lastRebootTimeSec
                0x0081007a                thingspeakWriteKey
                0x0081001d                filterSampleTime
                0x0081008f                ipConsoleServerAddress
                0x00810078                thingspeakHostPort
                0x00810023                fullDist
                0x00810014                batteryVoltageCal
                0x00810050                thingspeakHostAddress
                0x00810001                unitID
                0x00810015                monitorTaskTimeout
                0x00810000                initFlag
                0x00810007                rebootInterval
                0x0081001f                filterVariance
                0x0081001e                numFilterSamples
                0x00810011                tempCalOffset
                0x00810026                highNotification
                0x0081001c                timeoutState
                0x00810017                notification
                0x00810013                watchdogTimerCal
                0x00810025                lowNotification
                0x0081008e                ipConsoleEnabled
                0x008100af                ipConsoleServerPort
                0x008100b1                __eeprom_end = .

.fuse
 *(.fuse)
 *(.lfuse)
 *(.hfuse)
 *(.efuse)

.lock
 *(.lock*)

.signature
 *(.signature*)

.stab           0x00000000    0x12744
 *(.stab)
 .stab          0x00000000      0xaf8 WaterLevelMonitorMain.o
 .stab          0x00000af8     0x1500 WaterLevelMonitor.o
                               0x1a10 (size before relaxing)
 .stab          0x00001ff8     0x183c CommandProcessor.o
                               0x1bc0 (size before relaxing)
 .stab          0x00003834     0x11c4 EEPROMStorage.o
                               0x14ac (size before relaxing)
 .stab          0x000049f8      0x5ac Console.o
                                0x930 (size before relaxing)
 .stab          0x00004fa4      0xc54 SystemTime.o
                                0xf84 (size before relaxing)
 .stab          0x00005bf8      0x51c ADCManager.o
                                0x78c (size before relaxing)
 .stab          0x00006114      0x4c8 DataHistory.o
                                0x630 (size before relaxing)
 .stab          0x000065dc      0x258 SampleHistory.o
                                0x438 (size before relaxing)
 .stab          0x00006834      0x48c BatteryMonitor.o
                                0x7c8 (size before relaxing)
 .stab          0x00006cc0      0x42c InternalTemperatureMonitor.o
                                0x774 (size before relaxing)
 .stab          0x000070ec      0x4c8 UltrasonicSensorMonitor.o
                                0x7ec (size before relaxing)
 .stab          0x000075b4     0x1ab8 CellularComm_SIM800.o
                               0x1f5c (size before relaxing)
 .stab          0x0000906c     0x1218 CellularTCPIP_SIM800.o
                               0x1704 (size before relaxing)
 .stab          0x0000a284      0x6fc TCPIPConsole.o
                                0xbc4 (size before relaxing)
 .stab          0x0000a980     0x2868 SIM800.o
                               0x2d48 (size before relaxing)
 .stab          0x0000d1e8      0xcb4 SoftwareSerialTx.o
                               0x102c (size before relaxing)
 .stab          0x0000de9c      0x4d4 SoftwareSerialRx0.o
                                0x7bc (size before relaxing)
 .stab          0x0000e370      0x4e0 SoftwareSerialRx2.o
                                0x7bc (size before relaxing)
 .stab          0x0000e850      0x5ac CharString.o
                                0x864 (size before relaxing)
 .stab          0x0000edfc      0x600 CharStringSpan.o
                                0x8dc (size before relaxing)
 .stab          0x0000f3fc      0x4a4 ByteQueue.o
                                0x7a4 (size before relaxing)
 .stab          0x0000f8a0     0x10bc StringUtils.o
                               0x13d4 (size before relaxing)
 .stab          0x0001095c      0xb10 UART_async.o
                                0xdec (size before relaxing)
 .stab          0x0001146c      0x2b8 MessageIDQueue.o
                                0x48c (size before relaxing)
 .stab          0x00011724      0x6e4 EEPROM_Util.o
                                0x9d8 (size before relaxing)
 .stab          0x00011e08      0x6a8 IOPortBitfield.o
                                0x8a0 (size before relaxing)
 .stab          0x000124b0      0x294 RamSentinel.o
                                0x57c (size before relaxing)

.stabstr        0x00000000     0xa0ae
 *(.stabstr)
 .stabstr       0x00000000     0xa0ae WaterLevelMonitorMain.o

.stab.excl
 *(.stab.excl)

.stab.exclstr
 *(.stab.exclstr)

.stab.index
 *(.stab.index)

.stab.indexstr
 *(.stab.indexstr)

.comment
 *(.comment)

.debug
 *(.debug)

.line
 *(.line)

.debug_srcinfo
 *(.debug_srcinfo)

.debug_sfnames
 *(.debug_sfnames)

.debug_aranges
 *(.debug_aranges)

.debug_pubnames
 *(.debug_pubnames)

.debug_info
 *(.debug_info)
 *(.gnu.linkonce.wi.*)

.debug_abbrev
 *(.debug_abbrev)

.debug_line
 *(.debug_line)

.debug_frame
 *(.debug_frame)

.debug_str
 *(.debug_str)

.debug_loc
 *(.debug_loc)

.debug_macinfo
 *(.debug_macinfo)
OUTPUT(WaterLevelMonitor.elf elf32-avr)
LOAD linker stubs
