Archive member included because of file (symbol)

c:/winavr-20100110/bin/../lib/gcc/avr/4.3.3/avr5\libgcc.a(_mulsi3.o)
                              WaterLevelMonitorMain.o (__mulsi3)
c:/winavr-20100110/bin/../lib/gcc/avr/4.3.3/avr5\libgcc.a(_udivmodhi4.o)
                              WaterLevelMonitor.o (__udivmodhi4)
c:/winavr-20100110/bin/../lib/gcc/avr/4.3.3/avr5\libgcc.a(_divmodhi4.o)
                              SystemTime.o (__divmodhi4)
c:/winavr-20100110/bin/../lib/gcc/avr/4.3.3/avr5\libgcc.a(_udivmodsi4.o)
                              WaterLevelMonitorMain.o (__udivmodsi4)
c:/winavr-20100110/bin/../lib/gcc/avr/4.3.3/avr5\libgcc.a(_divmodsi4.o)
                              BatteryMonitor.o (__divmodsi4)
c:/winavr-20100110/bin/../lib/gcc/avr/4.3.3/avr5\libgcc.a(_exit.o)
                              c:/winavr-20100110/bin/../lib/gcc/avr/4.3.3/../../../../avr/lib/avr5/crtm328p.o (exit)
c:/winavr-20100110/bin/../lib/gcc/avr/4.3.3/avr5\libgcc.a(_copy_data.o)
                              WaterLevelMonitor.o (__do_copy_data)
c:/winavr-20100110/bin/../lib/gcc/avr/4.3.3/avr5\libgcc.a(_clear_bss.o)
                              WaterLevelMonitor.o (__do_clear_bss)
c:/winavr-20100110/bin/../lib/gcc/avr/4.3.3/../../../../avr/lib/avr5\libc.a(strlen_P.o)
                              CellularComm_SIM800.o (strlen_P)
c:/winavr-20100110/bin/../lib/gcc/avr/4.3.3/../../../../avr/lib/avr5\libc.a(strncasecmp_P.o)
                              CharStringSpan.o (strncasecmp_P)
c:/winavr-20100110/bin/../lib/gcc/avr/4.3.3/../../../../avr/lib/avr5\libc.a(strncmp_P.o)
                              CharStringSpan.o (strncmp_P)
c:/winavr-20100110/bin/../lib/gcc/avr/4.3.3/../../../../avr/lib/avr5\libc.a(strncpy_P.o)
                              CharString.o (strncpy_P)
c:/winavr-20100110/bin/../lib/gcc/avr/4.3.3/../../../../avr/lib/avr5\libc.a(strstr_P.o)
                              CellularComm_SIM800.o (strstr_P)
c:/winavr-20100110/bin/../lib/gcc/avr/4.3.3/../../../../avr/lib/avr5\libc.a(strncpy.o)
                              CharString.o (strncpy)

Allocating common symbols
Common symbol       size              file

responseMsg         0x1               SIM800.o

Memory Configuration

Name             Origin             Length             Attributes
text             0x00000000         0x00020000         xr
data             0x00800060         0x0000ffa0         rw !x
eeprom           0x00810000         0x00010000         rw !x
fuse             0x00820000         0x00000400         rw !x
lock             0x00830000         0x00000400         rw !x
signature        0x00840000         0x00000400         rw !x
*default*        0x00000000         0xffffffff

Linker script and memory map

Address of section .data set to 0x800100
LOAD c:/winavr-20100110/bin/../lib/gcc/avr/4.3.3/../../../../avr/lib/avr5/crtm328p.o
LOAD WaterLevelMonitorMain.o
LOAD WaterLevelMonitor.o
LOAD CommandProcessor.o
LOAD EEPROMStorage.o
LOAD Console.o
LOAD SystemTime.o
LOAD ADCManager.o
LOAD DataHistory.o
LOAD SampleHistory.o
LOAD BatteryMonitor.o
LOAD InternalTemperatureMonitor.o
LOAD UltrasonicSensorMonitor.o
LOAD CellularComm_SIM800.o
LOAD CellularTCPIP_SIM800.o
LOAD TCPIPConsole.o
LOAD SIM800.o
LOAD SoftwareSerialTx.o
LOAD SoftwareSerialRx0.o
LOAD SoftwareSerialRx2.o
LOAD CharString.o
LOAD CharStringSpan.o
LOAD ByteQueue.o
LOAD StringUtils.o
LOAD UART_async.o
LOAD MessageIDQueue.o
LOAD EEPROM_Util.o
LOAD IOPortBitfield.o
LOAD RamSentinel.o
LOAD c:/winavr-20100110/bin/../lib/gcc/avr/4.3.3/../../../../avr/lib/avr5\libm.a
LOAD c:/winavr-20100110/bin/../lib/gcc/avr/4.3.3/avr5\libgcc.a
LOAD c:/winavr-20100110/bin/../lib/gcc/avr/4.3.3/../../../../avr/lib/avr5\libc.a
LOAD c:/winavr-20100110/bin/../lib/gcc/avr/4.3.3/avr5\libgcc.a

.hash
 *(.hash)

.dynsym
 *(.dynsym)

.dynstr
 *(.dynstr)

.gnu.version
 *(.gnu.version)

.gnu.version_d
 *(.gnu.version_d)

.gnu.version_r
 *(.gnu.version_r)

.rel.init
 *(.rel.init)

.rela.init
 *(.rela.init)

.rel.text
 *(.rel.text)
 *(.rel.text.*)
 *(.rel.gnu.linkonce.t*)

.rela.text
 *(.rela.text)
 *(.rela.text.*)
 *(.rela.gnu.linkonce.t*)

.rel.fini
 *(.rel.fini)

.rela.fini
 *(.rela.fini)

.rel.rodata
 *(.rel.rodata)
 *(.rel.rodata.*)
 *(.rel.gnu.linkonce.r*)

.rela.rodata
 *(.rela.rodata)
 *(.rela.rodata.*)
 *(.rela.gnu.linkonce.r*)

.rel.data
 *(.rel.data)
 *(.rel.data.*)
 *(.rel.gnu.linkonce.d*)

.rela.data
 *(.rela.data)
 *(.rela.data.*)
 *(.rela.gnu.linkonce.d*)

.rel.ctors
 *(.rel.ctors)

.rela.ctors
 *(.rela.ctors)

.rel.dtors
 *(.rel.dtors)

.rela.dtors
 *(.rela.dtors)

.rel.got
 *(.rel.got)

.rela.got
 *(.rela.got)

.rel.bss
 *(.rel.bss)

.rela.bss
 *(.rela.bss)

.rel.plt
 *(.rel.plt)

.rela.plt
 *(.rela.plt)

.text           0x00000000     0x7584
 *(.vectors)
 .vectors       0x00000000       0x68 c:/winavr-20100110/bin/../lib/gcc/avr/4.3.3/../../../../avr/lib/avr5/crtm328p.o
                0x00000000                __vectors
                0x00000000                __vector_default
 *(.vectors)
 *(.progmem.gcc*)
 .progmem.gcc_sw_table
                0x00000068       0x3a CellularComm_SIM800.o
 *(.progmem*)
 .progmem.data  0x000000a2       0x11 WaterLevelMonitorMain.o
 .progmem.data  0x000000b3       0x34 WaterLevelMonitor.o
 .progmem.data  0x000000e7      0x189 CommandProcessor.o
 .progmem.data  0x00000270       0x45 EEPROMStorage.o
                0x00000280                thingspeakHostAddressP
                0x00000293                thingspeakWriteKeyP
                0x0000027f                passwordP
                0x0000027e                usernameP
                0x000002a4                tzHostAddressP
                0x00000275                apnP
                0x00000270                tzPinP
 .progmem.data  0x000002b5        0x5 Console.o
                0x000002b5                crP
                0x000002b7                crlfP
 .progmem.data  0x000002ba       0x1e SystemTime.o
 .progmem.data  0x000002d8        0x6 ADCManager.o
                0x000002d8                channelMasks
 .progmem.data  0x000002de      0x12d CellularComm_SIM800.o
                0x000002df                smsStatusRecUnread
                0x0000030b                smsStatusStrings
                0x00000317                smsCommandPrefix
                0x000002ea                smsStatusRecRead
                0x000002f3                smsStatusStoUnsent
                0x000002de                smsStatusUndefined
                0x000002fe                smsStatusStoSent
                0x00000307                smsStatusAll
 .progmem.data  0x0000040b       0xa3 CellularTCPIP_SIM800.o
 .progmem.data  0x000004ae      0x23f SIM800.o
                0x000004f9                rmOK
                0x000004fc                rmRDY
                0x00000500                rmSEND_FAIL
                0x00000559                pmCBC
                0x0000053d                SIM800_ResponseMessageTable
                0x00000624                ipsTCP_CONNECTING
                0x0000063e                ipsUDP_CLOSING
                0x0000059a                plusMessageTable
                0x000005b4                ipsCONNECT_OK
                0x000004b7                rmCLOSED
                0x00000588                pmCPIN
                0x000005df                ipsIP_START
                0x0000051a                rmSMS_Ready
                0x00000567                pmCGATT
                0x000004e7                rmNORMAL_POWER_DOWN
                0x000005bf                ipsIP_CONFIG
                0x00000618                ipsTCP_CLOSING
                0x000005f2                ipsPDP_DEACT
                0x000004be                rmCONNECT_FAIL
                0x0000056d                pmCIPACK
                0x00000512                rmSHUT_OK
                0x0000057e                pmCMGS
                0x000005d4                ipsIP_INITIAL
                0x000005c9                ipsIP_GPRSACT
                0x00000583                pmCMTI
                0x000004cb                rmCONNECT_OK
                0x00000592                pmCSQ
                0x000005e8                ipsIP_STATUS
                0x00000633                ipsUDP_CLOSED
                0x0000050a                rmSEND_OK
                0x00000524                rmUNDERVOLTAGE_POWER_DOWN
                0x0000060d                ipsTCP_CLOSED
                0x0000055d                pmCCLK
                0x0000058d                pmCREG
                0x000004d6                rmCall_Ready
                0x00000574                pmCMGL
                0x00000596                pmPDP
                0x00000579                pmCMGR
                0x000004e1                rmERROR
                0x000005fc                ipsSERVER_LISTENING
                0x00000562                pmCFUN
                0x0000064a                ipsUDP_CONNECTING
                0x00000659                ipStateTable
                0x000004ae                rmCLOSE_OK
 .progmem.data  0x000006ed        0x3 CharString.o
                0x000006f0                . = ALIGN (0x2)
                0x000006f0                __trampolines_start = .
 *(.trampolines)
 .trampolines   0x000006f0        0x0 linker stubs
 *(.trampolines*)
                0x000006f0                __trampolines_end = .
 *(.jumptables)
 *(.jumptables*)
 *(.lowtext)
 *(.lowtext*)
                0x000006f0                __ctors_start = .
 *(.ctors)
                0x000006f0                __ctors_end = .
                0x000006f0                __dtors_start = .
 *(.dtors)
                0x000006f0                __dtors_end = .
 SORT(*)(.ctors)
 SORT(*)(.dtors)
 *(.init0)
 .init0         0x000006f0        0x0 c:/winavr-20100110/bin/../lib/gcc/avr/4.3.3/../../../../avr/lib/avr5/crtm328p.o
                0x000006f0                __init
 *(.init0)
 *(.init1)
 *(.init1)
 *(.init2)
 .init2         0x000006f0        0xc c:/winavr-20100110/bin/../lib/gcc/avr/4.3.3/../../../../avr/lib/avr5/crtm328p.o
 *(.init2)
 *(.init3)
 *(.init3)
 *(.init4)
 .init4         0x000006fc       0x16 c:/winavr-20100110/bin/../lib/gcc/avr/4.3.3/avr5\libgcc.a(_copy_data.o)
                0x000006fc                __do_copy_data
 .init4         0x00000712       0x10 c:/winavr-20100110/bin/../lib/gcc/avr/4.3.3/avr5\libgcc.a(_clear_bss.o)
                0x00000712                __do_clear_bss
 *(.init4)
 *(.init5)
 *(.init5)
 *(.init6)
 *(.init6)
 *(.init7)
 *(.init7)
 *(.init8)
 *(.init8)
 *(.init9)
 .init9         0x00000722        0x8 c:/winavr-20100110/bin/../lib/gcc/avr/4.3.3/../../../../avr/lib/avr5/crtm328p.o
 *(.init9)
 *(.text)
 .text          0x0000072a        0x4 c:/winavr-20100110/bin/../lib/gcc/avr/4.3.3/../../../../avr/lib/avr5/crtm328p.o
                0x0000072a                __vector_22
                0x0000072a                __vector_1
                0x0000072a                __vector_24
                0x0000072a                __vector_12
                0x0000072a                __bad_interrupt
                0x0000072a                __vector_23
                0x0000072a                __vector_25
                0x0000072a                __vector_13
                0x0000072a                __vector_17
                0x0000072a                __vector_4
                0x0000072a                __vector_9
                0x0000072a                __vector_2
                0x0000072a                __vector_21
                0x0000072a                __vector_15
                0x0000072a                __vector_8
                0x0000072a                __vector_10
                0x0000072a                __vector_16
 .text          0x0000072e      0x208 WaterLevelMonitorMain.o
                0x0000072e                main
 .text          0x00000936      0x93a WaterLevelMonitor.o
                0x0000099a                WaterLevelMonitor_resume
                0x000009a8                WaterLevelMonitor_extendTaskTimeout
                0x00000d0c                transitionPerCommandMode
                0x0000097c                WaterLevelMonitor_taskIsDone
                0x00000d30                WaterLevelMonitor_task
                0x00000990                WaterLevelMonitor_hasSampleData
                0x000009a2                WaterLevelMonitor_state
                0x0000094a                WaterLevelMonitor_Initialize
                0x000009d4                initiatePowerdown
 .text          0x00001270      0xce4 CommandProcessor.o
                0x00001556                CommandProcessor_executeCommand
                0x000013a6                CommandProcessor_createStatusMessage
 .text          0x00001f54      0x590 EEPROMStorage.o
                0x00002226                EEPROMStorage_setWatchdogTimerCal
                0x0000205e                EEPROMStorage_getThingspeakHostAddress
                0x0000203a                EEPROMStorage_setUnitID
                0x00002246                EEPROMStorage_lastRebootTimeSec
                0x0000212c                EEPROMStorage_thingspeakEnabled
                0x000020da                EEPROMStorage_setUsername
                0x00001ffe                EEPROMStorage_setWaterTankFullDistance
                0x000021d2                EEPROMStorage_setCipqsend
                0x00001f54                EEPROMStorage_ipConsoleServerPort
                0x0000200a                EEPROMStorage_setWaterTankEmptyDistance
                0x0000217a                EEPROMStorage_waterHighNotificationLevel
                0x00002052                EEPROMStorage_getThingspeakWriteKey
                0x0000202e                EEPROMStorage_setRebootInterval
                0x0000214e                EEPROMStorage_timeoutState
                0x000021c6                EEPROMStorage_setThingspeak
                0x00001f5e                EEPROMStorage_filterVariance
                0x0000220e                EEPROMStorage_setWaterLowNotificationLevel
                0x000020ba                EEPROMStorage_setThingspeakHostAddress
                0x00001fda                EEPROMStorage_setThingspeakHostPort
                0x00002232                EEPROMStorage_havePassword
                0x00002184                EEPROMStorage_waterLowNotificationLevel
                0x000020fa                EEPROMStorage_setPIN
                0x0000208e                EEPROMStorage_getPIN
                0x00001ff2                EEPROMStorage_setSampleInterval
                0x00002118                EEPROMStorage_filterSamples
                0x0000223c                EEPROMStorage_haveUsername
                0x000021de                EEPROMStorage_setTimeoutState
                0x00001f9a                EEPROMStorage_monitorTaskTimeout
                0x00002144                EEPROMStorage_cipqsend
                0x00001f68                EEPROMStorage_thingspeakHostPort
                0x000021ea                EEPROMStorage_setNotification
                0x0000210a                EEPROMStorage_ipConsoleEnabled
                0x00002250                EEPROMStorage_setLastRebootTimeSec
                0x000021a2                EEPROMStorage_setIPConsoleEnabled
                0x00002202                EEPROMStorage_setWaterHighNotificationLevel
                0x00002076                EEPROMStorage_getUsername
                0x00001fc2                EEPROMStorage_setIPConsoleServerPort
                0x00001fae                EEPROMStorage_rebootInterval
                0x00001fa4                EEPROMStorage_tempCalOffset
                0x00002016                EEPROMStorage_setMonitorTaskTimeout
                0x00001f7c                EEPROMStorage_sampleInterval
                0x0000225e                EEPROMStorage_Initialize
                0x00002046                EEPROMStorage_getIPConsoleServerAddress
                0x00001f86                EEPROMStorage_waterTankFullDistance
                0x00001fce                EEPROMStorage_setFilterVariance
                0x00001f72                EEPROMStorage_LoggingUpdateInterval
                0x00001fe6                EEPROMStorage_setLoggingUpdateInterval
                0x000020ea                EEPROMStorage_setAPN
                0x0000206a                EEPROMStorage_getPassword
                0x00002198                EEPROMStorage_watchdogTimerCal
                0x00001fb8                EEPROMStorage_unitID
                0x000020ca                EEPROMStorage_setPassword
                0x000020aa                EEPROMStorage_setThingspeakWriteKey
                0x00002158                EEPROMStorage_notificationEnabled
                0x00002170                EEPROMStorage_levelIncreaseNotificationThreshold
                0x0000218e                EEPROMStorage_batteryVoltageCal
                0x000021ba                EEPROMStorage_setFilterSampleTime
                0x00002122                EEPROMStorage_filterSampleTime
                0x000021f6                EEPROMStorage_setLevelIncreaseNotificationThreshold
                0x00002022                EEPROMStorage_setTempCalOffset
                0x00002082                EEPROMStorage_getAPN
                0x000021ae                EEPROMStorage_setFilterSamples
                0x00001f90                EEPROMStorage_waterTankEmptyDistance
                0x0000209a                EEPROMStorage_setIPConsoleServerAddress
                0x0000221a                EEPROMStorage_setBatteryVoltageCal
 .text          0x000024e4      0x1f0 Console.o
                0x00002548                Console_printCS
                0x000024f8                Console_printP
                0x00002588                Console_task
                0x00002520                Console_Initialize
                0x0000250c                Console_print
                0x000024e4                Console_printCSS
 .text          0x000026d4      0x80e SystemTime.o
                0x00002b72                SystemTime_setTimeAdjustment
                0x0000285c                SystemTime_shuttingDown
                0x00002ce4                SystemTime_appendToString
                0x00002a58                SystemTime_sleepFor
                0x00002722                SystemTime_LastReboot
                0x000029d6                __vector_6
                0x000028fa                __vector_11
                0x000028e0                SystemTime_seconds
                0x000027b0                SystemTime_timeHasArrived
                0x00002dd8                SystemTime_task
                0x00002728                SystemTime_futureTime
                0x000029ea                SystemTime_commenceShutdown
                0x0000288c                SystemTime_hours
                0x000026d4                SystemTime_registerForTickNotification
                0x000026de                SystemTime_getCurrentTime
                0x000028b6                SystemTime_minutes
                0x00002706                SystemTime_uptime
                0x000027fc                SystemTime_applyTimeAdjustment
                0x00002862                SystemTime_dayOfWeek
                0x00002c30                SystemTime_Initialize
 .text          0x00002ee2      0x15a ADCManager.o
                0x00002efa                ADCManager_setupChannel
                0x00002ff6                ADCManager_ConversionIsComplete
                0x00002fa2                ADCManager_StartConversion
                0x00002f44                ADCManager_task
                0x00002ee2                ADCManager_Initialize
 .text          0x0000303c      0x19e DataHistory.o
                0x0000303c                DataHistory_insertValue
                0x00003088                DataHistory_getLatest
                0x000030c0                DataHistory_getStatistics
 .text          0x000031da       0xac SampleHistory.o
                0x00003240                SampleHistory_getAt
                0x000031da                SampleHistory_insertSample
 .text          0x00003286      0x1c4 BatteryMonitor.o
                0x000033b0                BatteryMonitor_currentVoltage
                0x0000329c                BatteryMonitor_task
                0x00003422                BatteryMonitor_Initialize
                0x00003286                BatteryMonitor_haveValidSample
                0x00003296                BatteryMonitor_currentStatus
 .text          0x0000344a      0x148 InternalTemperatureMonitor.o
                0x0000344a                InternalTemperatureMonitor_haveValidSample
                0x0000345a                InternalTemperatureMonitor_task
                0x0000356e                InternalTemperatureMonitor_Initialize
                0x000034d6                InternalTemperatureMonitor_currentTemperature
 .text          0x00003592      0x196 UltrasonicSensorMonitor.o
                0x000036b6                UltrasonicSensorMonitor_currentDistance
                0x000035a2                UltrasonicSensorMonitor_task
                0x00003592                UltrasonicSensorMonitor_haveValidSample
                0x0000370a                UltrasonicSensorMonitor_Initialize
 .text          0x00003728      0x9c6 CellularComm_SIM800.o
                0x000037f8                CellularComm_state
                0x00003792                CellularComm_Enable
                0x000038cc                CellularComm_Initialize
                0x00003992                messageStatusFromString
                0x00003800                CellularComm_stateIsTCPIPSubtask
                0x0000379a                CellularComm_Disable
                0x000037d4                CellularComm_isRegistered
                0x000037ce                CellularComm_registrationStatus
                0x000037b0                CellularComm_gotRegistrationStatus
                0x0000387e                CellularComm_isIdle
                0x000037a0                CellularComm_isEnabled
                0x00003810                CellularComm_batteryMillivolts
                0x000037ec                CellularComm_currentTime
                0x0000381a                CellularComm_batteryPercent
                0x00003b14                CellularComm_requestRegistrationStatus
                0x000037f2                CellularComm_SignalQuality
                0x00003728                imageOfMessageStatus
                0x00003b38                CellularComm_task
                0x00003820                CellularComm_setOutgoingSMSMessageNumber
 .text          0x000040ee      0x7aa CellularTCPIP_SIM800.o
                0x00004340                CellularTCPIP_Subtask
                0x0000412c                CellularTCPIP_sendData
                0x000042de                responseMessageCallback
                0x000042f8                CellularTCPIP_notifyConnectionClosed
                0x00004148                CellularTCPIP_disconnect
                0x00004150                CellularTCPIP_hasSubtaskWorkToDo
                0x00004184                CellularTCPIP_availableSpaceForWriteData
                0x00004214                CellularTCPIP_Initialize
                0x0000416a                CellularTCPIP_state
                0x00004172                CellularTCPIP_writeDataCSS
                0x00004178                CellularTCPIP_writeDataCS
                0x0000417e                CellularTCPIP_writeDataP
                0x00004126                CellularTCPIP_connectionStatus
                0x000041b4                CellularTCPIP_connect
 .text          0x00004898      0x1fe TCPIPConsole.o
                0x000048bc                TCPIPConsole_readyToSend
                0x00004a64                TCPIPConsole_Initialize
                0x000048de                TCPIPConsole_restoreEnablement
                0x0000490e                TCPIPConsole_task
                0x000048e8                TCPIPConsole_disable
                0x000048aa                TCPIPConsole_sendData
                0x000048a0                TCPIPConsole_setDataReceiver
                0x000048fa                TCPIPConsole_enable
                0x0000489a                TCPIPConsole_isEnabled
 .text          0x00004a96      0xbe4 SIM800.o
                0x00004ae2                SIM800_setIPStateCallback
                0x00004b1e                SIM800_setCGATTCallback
                0x00004aec                SIM800_setIPAddressCallback
                0x00004aa4                SIM800_status
                0x00004b64                SIM800_setCCLKCallback
                0x00004c4c                SIM800_sendStringCS
                0x00004a9e                SIM800_powerOff
                0x00004b5a                SIM800_setCPINCallback
                0x00004c7c                SIM800_availableSpaceForSend
                0x00004b78                SIM800_setPromptCallback
                0x00004c3a                SIM800_sendLineCS
                0x00004b6e                SIM800_setCBCCallback
                0x00004b0a                SIM800_setDataAcceptCallback
                0x00004b3c                SIM800_setCSQCallback
                0x00004c56                SIM800_sendStringCSS
                0x00004d46                SIM800_task
                0x00004c60                SIM800_sendStringP
                0x00004b82                SIM800_sendCtrlZ
                0x00004b28                SIM800_setSMSMessageReceivedCallback
                0x00004b32                SIM800_setCFUNCallback
                0x00004c6a                SIM800_sendLineP
                0x00004b50                SIM800_setCMTICallback
                0x00004ad8                SIM800_setResponseMessageCallback
                0x00004a96                SIM800_powerOn
                0x00004bd8                SIM800_sendHex
                0x00004b00                SIM800_setCIPACKCallback
                0x00004b46                SIM800_setCREGCallback
                0x00004b14                SIM800_setPDPDeactCallback
                0x00004af6                SIM800_setIPDataCallback
                0x00004b8c                SIM800_sendHexP
                0x000055c2                SIM800_Initialize
 .text          0x0000567a      0x418 SoftwareSerialTx.o
                0x0000573a                SoftwareSerialTx_sendCSS
                0x00005718                SoftwareSerialTx_sendChar
                0x0000583a                SoftwareSerialTx_open
                0x0000568e                SoftwareSerialTx_disable
                0x0000578e                SoftwareSerialTx_send
                0x0000588e                SoftwareSerialTx_Initialize
                0x0000567a                SoftwareSerialTx_enable
                0x000056b0                SoftwareSerialTx_isIdle
                0x000057ce                SoftwareSerialTx_sendP
                0x000056e4                SoftwareSerialTx_availableSpace
                0x000058da                SoftwareSerialTx_sendCS
 .text          0x00005a92      0x1a4 SoftwareSerialRx0.o
                0x00005ad2                SoftwareSerial_rx0Queue
                0x00005bf0                SoftwareSerialRx0_Initialize
                0x00005ad8                __vector_3
                0x00005ab0                SoftwareSerialRx0_disable
                0x00005a92                SoftwareSerialRx0_enable
                0x00005b16                __vector_14
 .text          0x00005c36      0x1b2 SoftwareSerialRx2.o
                0x00005c36                SoftwareSerialRx2_enable
                0x00005c76                SoftwareSerial_rx2Queue
                0x00005d9a                SoftwareSerialRx2_Initialize
                0x00005cbe                __vector_7
                0x00005c7c                __vector_5
                0x00005c54                SoftwareSerialRx2_disable
 .text          0x00005de8      0x1ea CharString.o
                0x00005e56                CharString_copyIters
                0x00005e00                CharString_clear
                0x00005e0e                CharString_appendC
                0x00005de8                CharString_begin
                0x00005e3c                CharString_truncate
                0x00005f8a                CharString_appendNewline
                0x00005ea4                CharString_appendCS
                0x00005ee8                CharString_appendP
                0x00005f34                CharString_append
                0x00005df0                CharString_end
 .text          0x00005fd2      0x214 CharStringSpan.o
                0x000061ba                CharStringSpan_init
                0x00006180                CharStringSpan_initRight
                0x00006036                CharStringSpan_incrBegin
                0x00005fd2                CharStringSpan_extractLeft
                0x000060e0                CharStringSpan_equalsP
                0x00006012                CharStringSpan_front
                0x00006130                CharStringSpan_equalsNocaseP
                0x00006050                CharStringSpan_compareP
                0x0000602a                CharStringSpan_set
 .text          0x000061e6       0xfa ByteQueue.o
                0x0000627c                ByteQueue_pop
                0x000061fc                ByteQueue_push
                0x000061e6                ByteQueue_clear
 .text          0x000062e0      0x81e StringUtils.o
                0x00006320                StringUtils_lookupString
                0x00006612                StringUtils_scanDecimal
                0x00006524                StringUtils_appendDecimal
                0x00006a46                StringUtils_scanQuotedString
                0x000062e0                StringUtils_skipWhitespace
                0x000069a4                StringUtils_scanToken
                0x00006728                StringUtils_scanIntegerU32
                0x00006826                StringUtils_scanInteger
                0x000068ec                StringUtils_scanDelimitedString
                0x000063c4                StringUtils_appendDecimal32
 .text          0x00006afe      0x380 UART_async.o
                0x00006b22                UART_tx_queue_is_empty
                0x00006bbe                UART_read_byte
                0x00006c40                UART_write_bytes
                0x00006d34                UART_write_byte
                0x00006b50                __vector_19
                0x00006db0                UART_write_string
                0x00006afe                UART_set_baud_rate
                0x00006ca8                UART_write_stringCS
                0x00006e4c                UART_init
                0x00006e10                UART_read_string
                0x00006d4e                UART_write_stringP
                0x00006bf0                __vector_18
                0x00006b3c                __vector_20
 .text          0x00006e7e       0x98 MessageIDQueue.o
                0x00006e88                MessageIDQueue_isEmpty
                0x00006e7e                MessageIDQueue_init
                0x00006eac                MessageIDQueue_insert
                0x00006e98                MessageIDQueue_isFull
                0x00006ee6                MessageIDQueue_remove
 .text          0x00006f16      0x184 EEPROM_Util.o
                0x00006f28                EEPROM_read
                0x00006f4c                EEPROM_readWord
                0x00006f78                EEPROM_readLong
                0x00006fec                EEPROM_writeLong
                0x00007076                EEPROM_writeWord
                0x00007022                EEPROM_writeString
                0x00006f38                EEPROM_haveString
                0x00006fbc                EEPROM_readString
                0x00006f16                EEPROM_write
 .text          0x0000709a      0x27e IOPortBitfield.o
                0x0000714a                IOPortBitfield_prepareValueForWrite
                0x000072ca                IOPortBitfield_write
                0x000071a8                IOPortBitfield_set
                0x000071d8                IOPortBitfield_clear
                0x0000709a                IOPortBitfield_init
                0x00007260                IOPortBitfield_readAsBool
                0x0000716a                IOPortBitfield_writePreparedValue
                0x0000720e                IOPortBitfield_read
 .text          0x00007318       0x94 RamSentinel.o
                0x00007318                RAMSentinel_Initialize
                0x00007336                RAMSentinel_printStackPtr
                0x00007320                RAMSentinel_sentinelIntact
 .text          0x000073ac        0x0 c:/winavr-20100110/bin/../lib/gcc/avr/4.3.3/avr5\libgcc.a(_mulsi3.o)
 .text          0x000073ac        0x0 c:/winavr-20100110/bin/../lib/gcc/avr/4.3.3/avr5\libgcc.a(_udivmodhi4.o)
 .text          0x000073ac        0x0 c:/winavr-20100110/bin/../lib/gcc/avr/4.3.3/avr5\libgcc.a(_divmodhi4.o)
 .text          0x000073ac        0x0 c:/winavr-20100110/bin/../lib/gcc/avr/4.3.3/avr5\libgcc.a(_udivmodsi4.o)
 .text          0x000073ac        0x0 c:/winavr-20100110/bin/../lib/gcc/avr/4.3.3/avr5\libgcc.a(_divmodsi4.o)
 .text          0x000073ac        0x0 c:/winavr-20100110/bin/../lib/gcc/avr/4.3.3/avr5\libgcc.a(_exit.o)
 .text          0x000073ac        0x0 c:/winavr-20100110/bin/../lib/gcc/avr/4.3.3/avr5\libgcc.a(_copy_data.o)
 .text          0x000073ac        0x0 c:/winavr-20100110/bin/../lib/gcc/avr/4.3.3/avr5\libgcc.a(_clear_bss.o)
 .text          0x000073ac        0x0 c:/winavr-20100110/bin/../lib/gcc/avr/4.3.3/../../../../avr/lib/avr5\libc.a(strlen_P.o)
 .text          0x000073ac        0x0 c:/winavr-20100110/bin/../lib/gcc/avr/4.3.3/../../../../avr/lib/avr5\libc.a(strncasecmp_P.o)
 .text          0x000073ac        0x0 c:/winavr-20100110/bin/../lib/gcc/avr/4.3.3/../../../../avr/lib/avr5\libc.a(strncmp_P.o)
 .text          0x000073ac        0x0 c:/winavr-20100110/bin/../lib/gcc/avr/4.3.3/../../../../avr/lib/avr5\libc.a(strncpy_P.o)
 .text          0x000073ac        0x0 c:/winavr-20100110/bin/../lib/gcc/avr/4.3.3/../../../../avr/lib/avr5\libc.a(strstr_P.o)
 .text          0x000073ac        0x0 c:/winavr-20100110/bin/../lib/gcc/avr/4.3.3/../../../../avr/lib/avr5\libc.a(strncpy.o)
                0x000073ac                . = ALIGN (0x2)
 *(.text.*)
 .text.libgcc   0x000073ac       0x3e c:/winavr-20100110/bin/../lib/gcc/avr/4.3.3/avr5\libgcc.a(_mulsi3.o)
                0x000073ac                __mulsi3
 .text.libgcc   0x000073ea       0x28 c:/winavr-20100110/bin/../lib/gcc/avr/4.3.3/avr5\libgcc.a(_udivmodhi4.o)
                0x000073ea                __udivmodhi4
 .text.libgcc   0x00007412       0x26 c:/winavr-20100110/bin/../lib/gcc/avr/4.3.3/avr5\libgcc.a(_divmodhi4.o)
                0x00007412                __divmodhi4
                0x00007412                _div
 .text.libgcc   0x00007438       0x44 c:/winavr-20100110/bin/../lib/gcc/avr/4.3.3/avr5\libgcc.a(_udivmodsi4.o)
                0x00007438                __udivmodsi4
 .text.libgcc   0x0000747c       0x36 c:/winavr-20100110/bin/../lib/gcc/avr/4.3.3/avr5\libgcc.a(_divmodsi4.o)
                0x0000747c                __divmodsi4
 .text.libgcc   0x000074b2        0x0 c:/winavr-20100110/bin/../lib/gcc/avr/4.3.3/avr5\libgcc.a(_exit.o)
 .text.libgcc   0x000074b2        0x0 c:/winavr-20100110/bin/../lib/gcc/avr/4.3.3/avr5\libgcc.a(_copy_data.o)
 .text.libgcc   0x000074b2        0x0 c:/winavr-20100110/bin/../lib/gcc/avr/4.3.3/avr5\libgcc.a(_clear_bss.o)
 .text.avr-libc
                0x000074b2       0x12 c:/winavr-20100110/bin/../lib/gcc/avr/4.3.3/../../../../avr/lib/avr5\libc.a(strlen_P.o)
                0x000074b2                strlen_P
 .text.avr-libc
                0x000074c4       0x30 c:/winavr-20100110/bin/../lib/gcc/avr/4.3.3/../../../../avr/lib/avr5\libc.a(strncasecmp_P.o)
                0x000074c4                strncasecmp_P
 .text.avr-libc
                0x000074f4       0x1c c:/winavr-20100110/bin/../lib/gcc/avr/4.3.3/../../../../avr/lib/avr5\libc.a(strncmp_P.o)
                0x000074f4                strncmp_P
 .text.avr-libc
                0x00007510       0x1e c:/winavr-20100110/bin/../lib/gcc/avr/4.3.3/../../../../avr/lib/avr5\libc.a(strncpy_P.o)
                0x00007510                strncpy_P
 .text.avr-libc
                0x0000752e       0x34 c:/winavr-20100110/bin/../lib/gcc/avr/4.3.3/../../../../avr/lib/avr5\libc.a(strstr_P.o)
                0x0000752e                strstr_P
 .text.avr-libc
                0x00007562       0x1e c:/winavr-20100110/bin/../lib/gcc/avr/4.3.3/../../../../avr/lib/avr5\libc.a(strncpy.o)
                0x00007562                strncpy
                0x00007580                . = ALIGN (0x2)
 *(.fini9)
 .fini9         0x00007580        0x0 c:/winavr-20100110/bin/../lib/gcc/avr/4.3.3/avr5\libgcc.a(_exit.o)
                0x00007580                exit
                0x00007580                _exit
 *(.fini9)
 *(.fini8)
 *(.fini8)
 *(.fini7)
 *(.fini7)
 *(.fini6)
 *(.fini6)
 *(.fini5)
 *(.fini5)
 *(.fini4)
 *(.fini4)
 *(.fini3)
 *(.fini3)
 *(.fini2)
 *(.fini2)
 *(.fini1)
 *(.fini1)
 *(.fini0)
 .fini0         0x00007580        0x4 c:/winavr-20100110/bin/../lib/gcc/avr/4.3.3/avr5\libgcc.a(_exit.o)
 *(.fini0)
                0x00007584                _etext = .

.data           0x00800100       0x84 load address 0x00007584
                0x00800100                PROVIDE (__data_start, .)
 *(.data)
 .data          0x00800100        0x0 c:/winavr-20100110/bin/../lib/gcc/avr/4.3.3/../../../../avr/lib/avr5/crtm328p.o
 .data          0x00800100        0x0 WaterLevelMonitorMain.o
 .data          0x00800100        0x5 WaterLevelMonitor.o
                0x00800100                sampleHistory
 .data          0x00800105        0x8 CommandProcessor.o
                0x00800109                CommandProcessor_commandReply
                0x00800105                CommandProcessor_incomingCommand
 .data          0x0080010d        0x0 EEPROMStorage.o
 .data          0x0080010d        0x4 Console.o
 .data          0x00800111        0x0 SystemTime.o
 .data          0x00800111        0x0 ADCManager.o
 .data          0x00800111        0x0 DataHistory.o
 .data          0x00800111        0x0 SampleHistory.o
 .data          0x00800111        0x5 BatteryMonitor.o
                0x00800111                batteryVoltageHistory
 .data          0x00800116        0x5 InternalTemperatureMonitor.o
                0x00800116                temperatureHistory
 .data          0x0080011b        0x9 UltrasonicSensorMonitor.o
                0x0080011f                distanceHistory
                0x0080011b                sensorDataStr
 .data          0x00800124       0x14 CellularComm_SIM800.o
                0x00800124                incomingSMSMessagePhoneNumber
                0x00800128                incomingSMSMessageText
                0x00800130                outgoingSMSMessageText
                0x0080012c                outgoingSMSMessagePhoneNumber
                0x00800134                cpinStatus
 .data          0x00800138        0x4 CellularTCPIP_SIM800.o
                0x00800138                ctHostAddress
 .data          0x0080013c        0x0 TCPIPConsole.o
 .data          0x0080013c        0xc SIM800.o
                0x0080013c                SIM800Response
                0x00800140                smsMsgStatus
                0x00800144                smsPhoneNumber
 .data          0x00800148       0x14 SoftwareSerialTx.o
 .data          0x0080015c        0xa SoftwareSerialRx0.o
 .data          0x00800166        0xa SoftwareSerialRx2.o
 .data          0x00800170        0x0 CharString.o
 .data          0x00800170        0x0 CharStringSpan.o
 .data          0x00800170        0x0 ByteQueue.o
 .data          0x00800170        0x0 StringUtils.o
 .data          0x00800170       0x14 UART_async.o
 .data          0x00800184        0x0 MessageIDQueue.o
 .data          0x00800184        0x0 EEPROM_Util.o
 .data          0x00800184        0x0 IOPortBitfield.o
 .data          0x00800184        0x0 RamSentinel.o
 .data          0x00800184        0x0 c:/winavr-20100110/bin/../lib/gcc/avr/4.3.3/avr5\libgcc.a(_mulsi3.o)
 .data          0x00800184        0x0 c:/winavr-20100110/bin/../lib/gcc/avr/4.3.3/avr5\libgcc.a(_udivmodhi4.o)
 .data          0x00800184        0x0 c:/winavr-20100110/bin/../lib/gcc/avr/4.3.3/avr5\libgcc.a(_divmodhi4.o)
 .data          0x00800184        0x0 c:/winavr-20100110/bin/../lib/gcc/avr/4.3.3/avr5\libgcc.a(_udivmodsi4.o)
 .data          0x00800184        0x0 c:/winavr-20100110/bin/../lib/gcc/avr/4.3.3/avr5\libgcc.a(_divmodsi4.o)
 .data          0x00800184        0x0 c:/winavr-20100110/bin/../lib/gcc/avr/4.3.3/avr5\libgcc.a(_exit.o)
 .data          0x00800184        0x0 c:/winavr-20100110/bin/../lib/gcc/avr/4.3.3/avr5\libgcc.a(_copy_data.o)
 .data          0x00800184        0x0 c:/winavr-20100110/bin/../lib/gcc/avr/4.3.3/avr5\libgcc.a(_clear_bss.o)
 .data          0x00800184        0x0 c:/winavr-20100110/bin/../lib/gcc/avr/4.3.3/../../../../avr/lib/avr5\libc.a(strlen_P.o)
 .data          0x00800184        0x0 c:/winavr-20100110/bin/../lib/gcc/avr/4.3.3/../../../../avr/lib/avr5\libc.a(strncasecmp_P.o)
 .data          0x00800184        0x0 c:/winavr-20100110/bin/../lib/gcc/avr/4.3.3/../../../../avr/lib/avr5\libc.a(strncmp_P.o)
 .data          0x00800184        0x0 c:/winavr-20100110/bin/../lib/gcc/avr/4.3.3/../../../../avr/lib/avr5\libc.a(strncpy_P.o)
 .data          0x00800184        0x0 c:/winavr-20100110/bin/../lib/gcc/avr/4.3.3/../../../../avr/lib/avr5\libc.a(strstr_P.o)
 .data          0x00800184        0x0 c:/winavr-20100110/bin/../lib/gcc/avr/4.3.3/../../../../avr/lib/avr5\libc.a(strncpy.o)
 *(.data*)
 *(.rodata)
 *(.rodata*)
 *(.gnu.linkonce.d*)
                0x00800184                . = ALIGN (0x2)
                0x00800184                _edata = .
                0x00800184                PROVIDE (__data_end, .)

.bss            0x00800184      0x571
                0x00800184                PROVIDE (__bss_start, .)
 *(.bss)
 .bss           0x00800184        0x0 c:/winavr-20100110/bin/../lib/gcc/avr/4.3.3/../../../../avr/lib/avr5/crtm328p.o
 .bss           0x00800184        0x0 WaterLevelMonitorMain.o
 .bss           0x00800184       0xad WaterLevelMonitor.o
 .bss           0x00800231       0xb6 CommandProcessor.o
                0x00800231                CommandProcessor_incomingCommand_buf
                0x00800282                CommandProcessor_commandReply_buf
 .bss           0x008002e7        0x0 EEPROMStorage.o
 .bss           0x008002e7        0x5 Console.o
 .bss           0x008002ec       0x13 SystemTime.o
 .bss           0x008002ff       0x15 ADCManager.o
 .bss           0x00800314        0x0 DataHistory.o
 .bss           0x00800314        0x0 SampleHistory.o
 .bss           0x00800314       0x1b BatteryMonitor.o
                0x00800314                batteryVoltageHistory_buf
 .bss           0x0080032f       0x1a InternalTemperatureMonitor.o
                0x0080032f                temperatureHistory_buf
 .bss           0x00800349       0x1c UltrasonicSensorMonitor.o
                0x0080035a                distanceHistory_buf
                0x00800349                sensorDataStr_buf
 .bss           0x00800365      0x10e CellularComm_SIM800.o
                0x008003d8                outgoingSMSMessageText_buf
                0x00800429                cpinStatus_buf
                0x00800376                incomingSMSMessageText_buf
                0x008003c7                outgoingSMSMessagePhoneNumber_buf
                0x00800365                incomingSMSMessagePhoneNumber_buf
 .bss           0x00800473       0x3c CellularTCPIP_SIM800.o
                0x00800473                ctHostAddress_buf
 .bss           0x008004af        0xd TCPIPConsole.o
 .bss           0x008004bc      0x11b SIM800.o
                0x008004bc                SIM800Response_buf
                0x00800590                smsPhoneNumber_buf
                0x00800585                smsMsgStatus_buf
 .bss           0x008005d7       0xdc SoftwareSerialTx.o
 .bss           0x008006b3       0x14 SoftwareSerialRx0.o
 .bss           0x008006c7       0x14 SoftwareSerialRx2.o
 .bss           0x008006db        0x0 CharString.o
 .bss           0x008006db        0x0 CharStringSpan.o
 .bss           0x008006db        0x0 ByteQueue.o
 .bss           0x008006db        0x0 StringUtils.o
 .bss           0x008006db       0x18 UART_async.o
 .bss           0x008006f3        0x0 MessageIDQueue.o
 .bss           0x008006f3        0x0 EEPROM_Util.o
 .bss           0x008006f3        0x0 IOPortBitfield.o
 .bss           0x008006f3        0x1 RamSentinel.o
 .bss           0x008006f4        0x0 c:/winavr-20100110/bin/../lib/gcc/avr/4.3.3/avr5\libgcc.a(_mulsi3.o)
 .bss           0x008006f4        0x0 c:/winavr-20100110/bin/../lib/gcc/avr/4.3.3/avr5\libgcc.a(_udivmodhi4.o)
 .bss           0x008006f4        0x0 c:/winavr-20100110/bin/../lib/gcc/avr/4.3.3/avr5\libgcc.a(_divmodhi4.o)
 .bss           0x008006f4        0x0 c:/winavr-20100110/bin/../lib/gcc/avr/4.3.3/avr5\libgcc.a(_udivmodsi4.o)
 .bss           0x008006f4        0x0 c:/winavr-20100110/bin/../lib/gcc/avr/4.3.3/avr5\libgcc.a(_divmodsi4.o)
 .bss           0x008006f4        0x0 c:/winavr-20100110/bin/../lib/gcc/avr/4.3.3/avr5\libgcc.a(_exit.o)
 .bss           0x008006f4        0x0 c:/winavr-20100110/bin/../lib/gcc/avr/4.3.3/avr5\libgcc.a(_copy_data.o)
 .bss           0x008006f4        0x0 c:/winavr-20100110/bin/../lib/gcc/avr/4.3.3/avr5\libgcc.a(_clear_bss.o)
 .bss           0x008006f4        0x0 c:/winavr-20100110/bin/../lib/gcc/avr/4.3.3/../../../../avr/lib/avr5\libc.a(strlen_P.o)
 .bss           0x008006f4        0x0 c:/winavr-20100110/bin/../lib/gcc/avr/4.3.3/../../../../avr/lib/avr5\libc.a(strncasecmp_P.o)
 .bss           0x008006f4        0x0 c:/winavr-20100110/bin/../lib/gcc/avr/4.3.3/../../../../avr/lib/avr5\libc.a(strncmp_P.o)
 .bss           0x008006f4        0x0 c:/winavr-20100110/bin/../lib/gcc/avr/4.3.3/../../../../avr/lib/avr5\libc.a(strncpy_P.o)
 .bss           0x008006f4        0x0 c:/winavr-20100110/bin/../lib/gcc/avr/4.3.3/../../../../avr/lib/avr5\libc.a(strstr_P.o)
 .bss           0x008006f4        0x0 c:/winavr-20100110/bin/../lib/gcc/avr/4.3.3/../../../../avr/lib/avr5\libc.a(strncpy.o)
 *(.bss*)
 *(COMMON)
 COMMON         0x008006f4        0x1 SIM800.o
                0x008006f4                responseMsg
                0x008006f5                PROVIDE (__bss_end, .)
                0x00007584                __data_load_start = LOADADDR (.data)
                0x00007608                __data_load_end = (__data_load_start + SIZEOF (.data))

.noinit         0x008006f5        0x0
                0x008006f5                PROVIDE (__noinit_start, .)
 *(.noinit*)
                0x008006f5                PROVIDE (__noinit_end, .)
                0x008006f5                _end = .
                0x008006f5                PROVIDE (__heap_start, .)

.eeprom         0x00810000       0xf7
 *(.eeprom*)
 .eeprom        0x00810000       0xf7 EEPROMStorage.o
                0x00810064                password
                0x00810079                thingspeakEnabled
                0x00810009                cellPIN
                0x00810028                apn
                0x00810018                sampleInterval
                0x00810050                username
                0x00810027                levelIncreaseNotificationThreshold
                0x00810021                emptyDist
                0x0081001a                loggingUpdateInterval
                0x00810003                lastRebootTimeSec
                0x008100a4                thingspeakWriteKey
                0x0081001d                filterSampleTime
                0x008100b9                ipConsoleServerAddress
                0x008100a2                thingspeakHostPort
                0x00810023                fullDist
                0x00810014                batteryVoltageCal
                0x0081007a                thingspeakHostAddress
                0x00810001                unitID
                0x00810078                cipqsend
                0x00810015                monitorTaskTimeout
                0x00810000                initFlag
                0x00810007                rebootInterval
                0x0081001f                filterVariance
                0x0081001e                numFilterSamples
                0x00810011                tempCalOffset
                0x00810026                highNotification
                0x0081001c                timeoutState
                0x00810017                notification
                0x00810013                watchdogTimerCal
                0x00810025                lowNotification
                0x008100b8                ipConsoleEnabled
                0x008100f5                ipConsoleServerPort
                0x008100f7                __eeprom_end = .

.fuse
 *(.fuse)
 *(.lfuse)
 *(.hfuse)
 *(.efuse)

.lock
 *(.lock*)

.signature
 *(.signature*)

.stab           0x00000000    0x129cc
 *(.stab)
 .stab          0x00000000      0xbdc WaterLevelMonitorMain.o
 .stab          0x00000bdc     0x15cc WaterLevelMonitor.o
                               0x1b30 (size before relaxing)
 .stab          0x000021a8     0x177c CommandProcessor.o
                               0x1b30 (size before relaxing)
 .stab          0x00003924     0x14f4 EEPROMStorage.o
                               0x17dc (size before relaxing)
 .stab          0x00004e18      0x5ac Console.o
                                0x948 (size before relaxing)
 .stab          0x000053c4      0xca8 SystemTime.o
                                0xff0 (size before relaxing)
 .stab          0x0000606c      0x51c ADCManager.o
                                0x78c (size before relaxing)
 .stab          0x00006588      0x4c8 DataHistory.o
                                0x630 (size before relaxing)
 .stab          0x00006a50      0x258 SampleHistory.o
                                0x438 (size before relaxing)
 .stab          0x00006ca8      0x4b0 BatteryMonitor.o
                                0x834 (size before relaxing)
 .stab          0x00007158      0x42c InternalTemperatureMonitor.o
                                0x78c (size before relaxing)
 .stab          0x00007584      0x4c8 UltrasonicSensorMonitor.o
                                0x804 (size before relaxing)
 .stab          0x00007a4c     0x19e0 CellularComm_SIM800.o
                               0x1f20 (size before relaxing)
 .stab          0x0000942c     0x11a0 CellularTCPIP_SIM800.o
                               0x16e0 (size before relaxing)
 .stab          0x0000a5cc      0x690 TCPIPConsole.o
                                0xbac (size before relaxing)
 .stab          0x0000ac5c     0x28f8 SIM800.o
                               0x2de4 (size before relaxing)
 .stab          0x0000d554      0xd2c SoftwareSerialTx.o
                               0x10bc (size before relaxing)
 .stab          0x0000e280      0x4a4 SoftwareSerialRx0.o
                                0x78c (size before relaxing)
 .stab          0x0000e724      0x4b0 SoftwareSerialRx2.o
                                0x78c (size before relaxing)
 .stab          0x0000ebd4      0x5ac CharString.o
                                0x864 (size before relaxing)
 .stab          0x0000f180      0x600 CharStringSpan.o
                                0x8dc (size before relaxing)
 .stab          0x0000f780      0x3a8 ByteQueue.o
                                0x6a8 (size before relaxing)
 .stab          0x0000fb28     0x10bc StringUtils.o
                               0x13d4 (size before relaxing)
 .stab          0x00010be4      0xabc UART_async.o
                                0xd98 (size before relaxing)
 .stab          0x000116a0      0x2b8 MessageIDQueue.o
                                0x48c (size before relaxing)
 .stab          0x00011958      0x738 EEPROM_Util.o
                                0xa2c (size before relaxing)
 .stab          0x00012090      0x6a8 IOPortBitfield.o
                                0x8a0 (size before relaxing)
 .stab          0x00012738      0x294 RamSentinel.o
                                0x57c (size before relaxing)

.stabstr        0x00000000     0xa163
 *(.stabstr)
 .stabstr       0x00000000     0xa163 WaterLevelMonitorMain.o

.stab.excl
 *(.stab.excl)

.stab.exclstr
 *(.stab.exclstr)

.stab.index
 *(.stab.index)

.stab.indexstr
 *(.stab.indexstr)

.comment
 *(.comment)

.debug
 *(.debug)

.line
 *(.line)

.debug_srcinfo
 *(.debug_srcinfo)

.debug_sfnames
 *(.debug_sfnames)

.debug_aranges
 *(.debug_aranges)

.debug_pubnames
 *(.debug_pubnames)

.debug_info
 *(.debug_info)
 *(.gnu.linkonce.wi.*)

.debug_abbrev
 *(.debug_abbrev)

.debug_line
 *(.debug_line)

.debug_frame
 *(.debug_frame)

.debug_str
 *(.debug_str)

.debug_loc
 *(.debug_loc)

.debug_macinfo
 *(.debug_macinfo)
OUTPUT(WaterLevelMonitor.elf elf32-avr)
LOAD linker stubs
